2025-12-16 09:01:42,139 - [1;94m========================================================================================================================[0m
2025-12-16 09:01:42,139 - [1;94m🤖 === STARTING MULTI-STRATEGY BOT WITH WEBSOCKET 🤖 ===[0m
2025-12-16 09:01:42,149 - [1;94m========================================================================================================================[0m
2025-12-16 09:01:42,149 - ✅  State loaded: 28 positions recovered
2025-12-16 09:01:42,149 -    ➡️  revers_short_1H: 2 positions | Candles: 16
2025-12-16 09:01:42,149 -       - BNBUSDT      | Size: 0.04       | Entry: 855.02    
2025-12-16 09:01:42,150 -       - BTCUSDT      | Size: 0.0004     | Entry: 86796.8   
2025-12-16 09:01:42,150 -    ➡️  revers_long_4H: 2 positions | Candles: 28
2025-12-16 09:01:42,150 -       - BGBUSDT      | Size: 11         | Entry: 3.6       
2025-12-16 09:01:42,150 -       - ETHUSDT      | Size: 0.01       | Entry: 3177.11   
2025-12-16 09:01:42,150 -    ➡️  parity_long_4H: 2 positions | Candles: 28
2025-12-16 09:01:42,150 -       - BGBUSDT      | Size: 11         | Entry: 3.6       
2025-12-16 09:01:42,150 -       - ETHUSDT      | Size: 0.01       | Entry: 3177.73   
2025-12-16 09:01:42,150 -    ➡️  revers_short_4H: 2 positions | Candles: 0
2025-12-16 09:01:42,150 -       - BTCUSDT      | Size: 0.0004     | Entry: 85892.9   
2025-12-16 09:01:42,150 -       - BNBUSDT      | Size: 0.04       | Entry: 858.91    
2025-12-16 09:01:42,150 -    ➡️  parity_short_4H: 2 positions | Candles: 28
2025-12-16 09:01:42,150 -       - BNBUSDT      | Size: 0.04       | Entry: 863.8     
2025-12-16 09:01:42,150 -       - BTCUSDT      | Size: 0.0004     | Entry: 89709     
2025-12-16 09:01:42,150 -    ➡️  double_top_long_4H: 3 positions | Candles: 27
2025-12-16 09:01:42,150 -       - BNBUSDT      | Size: 0.04       | Entry: 876.15    
2025-12-16 09:01:42,150 -       - ETHUSDT      | Size: 0.01       | Entry: 3198.01   
2025-12-16 09:01:42,150 -       - LINKUSDT     | Size: 2          | Entry: 13.732    
2025-12-16 09:01:42,150 -    ➡️  revers_long_1H: 2 positions | Candles: 0
2025-12-16 09:01:42,150 -       - BTCUSDT      | Size: 0.0004     | Entry: 85906.7   
2025-12-16 09:01:42,150 -       - BNBUSDT      | Size: 0.04       | Entry: 858.98    
2025-12-16 09:01:42,150 -    ➡️  revers_short_6Hutc: 11 positions | Candles: 2
2025-12-16 09:01:42,150 -       - ADAUSDT      | Size: 105        | Entry: 0.3804    
2025-12-16 09:01:42,150 -       - BNBUSDT      | Size: 0.04       | Entry: 843.99    
2025-12-16 09:01:42,150 -       - BTCUSDT      | Size: 0.0004     | Entry: 85702     
2025-12-16 09:01:42,150 -       - DOGEUSDT     | Size: 312        | Entry: 0.12786   
2025-12-16 09:01:42,150 -       - ETHUSDT      | Size: 0.01       | Entry: 2936.6    
2025-12-16 09:01:42,150 -       - HBARUSDT     | Size: 356        | Entry: 0.11234   
2025-12-16 09:01:42,150 -       - LINKUSDT     | Size: 3          | Entry: 12.585    
2025-12-16 09:01:42,150 -       - SOLUSDT      | Size: 0.3        | Entry: 124.987   
2025-12-16 09:01:42,150 -       - TAOUSDT      | Size: 0.151      | Entry: 263.96    
2025-12-16 09:01:42,150 -       - WLDUSDT      | Size: 75         | Entry: 0.5286    
2025-12-16 09:01:42,150 -       - XRPUSDT      | Size: 21         | Entry: 1.8909    
2025-12-16 09:01:42,150 -    ➡️  revers_long_6Hutc: 2 positions | Candles: 16
2025-12-16 09:01:42,150 -       - BNBUSDT      | Size: 0.03       | Entry: 891.18    
2025-12-16 09:01:42,150 -       - BTCUSDT      | Size: 0.0003     | Entry: 92367.4   
2025-12-16 09:01:42,534 - 🔹 Strategy double_top_long_4H (4H): 32 symbols
2025-12-16 09:01:42,538 - 🔹 Strategy revers_long_4H (4H): 32 symbols
2025-12-16 09:01:42,542 - 🔹 Strategy parity_long_4H (4H): 32 symbols
2025-12-16 09:01:42,546 - 🔹 Strategy revers_short_4H (4H): 32 symbols
2025-12-16 09:01:42,550 - 🔹 Strategy parity_short_4H (4H): 32 symbols
2025-12-16 09:01:42,553 - 🔹 Strategy revers_long_1H (1H): 6 symbols
2025-12-16 09:01:42,557 - 🔹 Strategy revers_short_1H (1H): 6 symbols
2025-12-16 09:01:42,560 - 🔹 Strategy revers_long_6Hutc (6Hutc): 15 symbols
2025-12-16 09:01:42,564 - 🔹 Strategy revers_short_6Hutc (6Hutc): 15 symbols
2025-12-16 09:01:42,564 - 
➡️  Detected timeframes: 4H, 1H, 6Hutc
2025-12-16 09:01:42,564 -    🔹 4H: double_top_long_4H, revers_long_4H, parity_long_4H, revers_short_4H, parity_short_4H
2025-12-16 09:01:42,564 -    🔹 1H: revers_long_1H, revers_short_1H
2025-12-16 09:01:42,564 -    🔹 6Hutc: revers_long_6Hutc, revers_short_6Hutc
2025-12-16 09:01:42,564 - 
✅ BOT Initialization completed

2025-12-16 09:01:42,583 - 
2025-12-16 09:01:42,583 - [1;94m========================================================================================================================[0m
2025-12-16 09:01:42,583 - [1;94m📈 STRATEGY ANALYSIS[0m
2025-12-16 09:01:42,583 - [1;94m========================================================================================================================[0m
2025-12-16 09:01:42,593 - [1;85mStrategy          [0m  [1;85mdate_fo   [0m  [1;85m Trades_num[0m  [1;85m Trades_pct[0m  [1;85mTotal_profit[0m  [1;85m Profit_pct[0m  [1;85mTP_pct[0m  [1;85mSL_pct[0m  [1;85mOOM_pct[0m  [1;85mAvg_days[0m
2025-12-16 09:01:42,594 - [0;93mdouble_top_long_4H[0m  2025-12-11            1        100.0  [1;92m         1.9[0m         0.41   100.0     0.0      0.0      0.22
2025-12-16 09:01:42,594 - [0;93mrevers_short_4H   [0m  2025-12-11           24        95.83  [1;92m       40.66[0m         8.86   95.83    4.17      0.0      3.28
2025-12-16 09:01:42,594 - [0;93mparity_short_4H   [0m  2025-12-11           27        92.59  [1;92m       40.06[0m         8.73   92.59    7.41      0.0      3.15
2025-12-16 09:01:42,594 - [0;93mrevers_short_1H   [0m  2025-12-11           19        78.95  [1;92m        7.58[0m         1.65   78.95    5.26      0.0      0.91
2025-12-16 09:01:42,594 - [0;93mrevers_long_1H    [0m  2025-12-11            5         20.0  [1;91m        -7.2[0m        -1.57    20.0     0.0      0.0      1.79
2025-12-16 09:01:42,594 - [0;93mrevers_short_6Hutc[0m  2025-12-12            6        66.67  [1;92m        0.31[0m         0.07   83.33   16.67      0.0      1.66
2025-12-16 09:01:42,594 - [0;93mparity_long_4H    [0m  2025-12-11            1          0.0  [1;91m       -4.05[0m        -0.88     0.0   100.0      0.0      3.25
2025-12-16 09:01:42,594 - [0;93mrevers_long_6Hutc [0m  2025-12-12            4          0.0  [1;91m      -10.62[0m        -2.31     0.0   100.0      0.0      3.47
2025-12-16 09:01:42,594 - 
2025-12-16 09:01:42,594 - [1;94m========================================================================================================================[0m
2025-12-16 09:01:42,594 - [1;94m📊 TOTAL SUMMARY[0m
2025-12-16 09:01:42,594 - [1;94m========================================================================================================================[0m
2025-12-16 09:01:42,595 - [1;94m🧮 Trades_num   :[0m 87
2025-12-16 09:01:42,595 - [1;94m🕜 Avg_duration :[0m 2.5 days
2025-12-16 09:01:42,595 - [1;94m🎯 Trades_pct   :[0m 79.31 %
2025-12-16 09:01:42,595 - [1;94m💱 Profit_pct   :[0m 1.87 %
2025-12-16 09:01:42,595 - 💵 [1;94mTOTAL_profit :[0m [1;92m68.64 $[0m
2025-12-16 09:01:42,595 - [1;94m========================================================================================================================[0m
2025-12-16 09:01:42,595 - 
2025-12-16 09:01:42,595 - 
[1;94mInitializing WebSocket connections...[0m
2025-12-16 09:01:43,386 - 🔌 PUBLIC  WebSocket connected
2025-12-16 09:01:43,594 - 🔌 PRIVATE WebSocket connected (first time)
2025-12-16 09:01:44,595 - 🛜 Subscribing to 5 private channels...
2025-12-16 09:01:44,595 - 🆗 orders
2025-12-16 09:01:44,595 - 🆗 fill
2025-12-16 09:01:44,595 - 🆗 positions
2025-12-16 09:01:44,595 - 🆗 account
2025-12-16 09:01:44,595 - 🆗 equity
2025-12-16 09:01:44,595 - ✅ WebSocket authentication successful
2025-12-16 09:01:47,596 - 📱 WebSocket status:
2025-12-16 09:01:47,596 -    - Public WS    : ✅ Connected
2025-12-16 09:01:47,596 -    - Private WS   : ✅ Connected
2025-12-16 09:01:47,597 -    - Authenticated: ✅ Yes
2025-12-16 09:01:47,597 - 📦 Pre-loading contract info for 33 symbols via API...
2025-12-16 09:01:58,586 - [0;36m✅ Pre-loaded 33/33 contracts[0m
2025-12-16 09:01:58,587 - 
2025-12-16 09:01:58,587 - ⏰ Next candle for 4H    : 2025-12-16 12:00:45 UTC
2025-12-16 09:01:58,587 - ⏰ Next candle for 1H    : 2025-12-16 09:00:45 UTC
2025-12-16 09:01:58,587 - ⏰ Next candle for 6Hutc : 2025-12-16 12:00:45 UTC
2025-12-16 09:14:20,319 - 
🔚 Interrupted by user.
2025-12-16 09:14:20,351 - ⛔ BOT Stopped
2025-12-16 09:14:26,631 - [1;94m========================================================================================================================[0m
2025-12-16 09:14:26,631 - [1;94m🤖 === STARTING MULTI-STRATEGY BOT WITH WEBSOCKET 🤖 ===[0m
2025-12-16 09:14:26,631 - [1;94m========================================================================================================================[0m
2025-12-16 09:14:26,631 - ✅  State loaded: 28 positions recovered
2025-12-16 09:14:26,631 -    ➡️  revers_short_1H: 2 positions | Candles: 16
2025-12-16 09:14:26,631 -       - BNBUSDT      | Size: 0.04       | Entry: 855.02    
2025-12-16 09:14:26,631 -       - BTCUSDT      | Size: 0.0004     | Entry: 86796.8   
2025-12-16 09:14:26,631 -    ➡️  revers_long_4H: 2 positions | Candles: 28
2025-12-16 09:14:26,631 -       - BGBUSDT      | Size: 11         | Entry: 3.6       
2025-12-16 09:14:26,631 -       - ETHUSDT      | Size: 0.01       | Entry: 3177.11   
2025-12-16 09:14:26,631 -    ➡️  parity_long_4H: 2 positions | Candles: 28
2025-12-16 09:14:26,631 -       - BGBUSDT      | Size: 11         | Entry: 3.6       
2025-12-16 09:14:26,631 -       - ETHUSDT      | Size: 0.01       | Entry: 3177.73   
2025-12-16 09:14:26,631 -    ➡️  revers_short_4H: 2 positions | Candles: 0
2025-12-16 09:14:26,631 -       - BTCUSDT      | Size: 0.0004     | Entry: 85892.9   
2025-12-16 09:14:26,631 -       - BNBUSDT      | Size: 0.04       | Entry: 858.91    
2025-12-16 09:14:26,631 -    ➡️  parity_short_4H: 2 positions | Candles: 28
2025-12-16 09:14:26,631 -       - BNBUSDT      | Size: 0.04       | Entry: 863.8     
2025-12-16 09:14:26,632 -       - BTCUSDT      | Size: 0.0004     | Entry: 89709     
2025-12-16 09:14:26,632 -    ➡️  double_top_long_4H: 3 positions | Candles: 27
2025-12-16 09:14:26,632 -       - BNBUSDT      | Size: 0.04       | Entry: 876.15    
2025-12-16 09:14:26,632 -       - ETHUSDT      | Size: 0.01       | Entry: 3198.01   
2025-12-16 09:14:26,632 -       - LINKUSDT     | Size: 2          | Entry: 13.732    
2025-12-16 09:14:26,632 -    ➡️  revers_long_1H: 2 positions | Candles: 0
2025-12-16 09:14:26,632 -       - BTCUSDT      | Size: 0.0004     | Entry: 85906.7   
2025-12-16 09:14:26,632 -       - BNBUSDT      | Size: 0.04       | Entry: 858.98    
2025-12-16 09:14:26,632 -    ➡️  revers_short_6Hutc: 11 positions | Candles: 2
2025-12-16 09:14:26,632 -       - ADAUSDT      | Size: 105        | Entry: 0.3804    
2025-12-16 09:14:26,632 -       - BNBUSDT      | Size: 0.04       | Entry: 843.99    
2025-12-16 09:14:26,632 -       - BTCUSDT      | Size: 0.0004     | Entry: 85702     
2025-12-16 09:14:26,632 -       - DOGEUSDT     | Size: 312        | Entry: 0.12786   
2025-12-16 09:14:26,632 -       - ETHUSDT      | Size: 0.01       | Entry: 2936.6    
2025-12-16 09:14:26,632 -       - HBARUSDT     | Size: 356        | Entry: 0.11234   
2025-12-16 09:14:26,632 -       - LINKUSDT     | Size: 3          | Entry: 12.585    
2025-12-16 09:14:26,632 -       - SOLUSDT      | Size: 0.3        | Entry: 124.987   
2025-12-16 09:14:26,632 -       - TAOUSDT      | Size: 0.151      | Entry: 263.96    
2025-12-16 09:14:26,632 -       - WLDUSDT      | Size: 75         | Entry: 0.5286    
2025-12-16 09:14:26,632 -       - XRPUSDT      | Size: 21         | Entry: 1.8909    
2025-12-16 09:14:26,632 -    ➡️  revers_long_6Hutc: 2 positions | Candles: 16
2025-12-16 09:14:26,632 -       - BNBUSDT      | Size: 0.03       | Entry: 891.18    
2025-12-16 09:14:26,632 -       - BTCUSDT      | Size: 0.0003     | Entry: 92367.4   
2025-12-16 09:14:27,017 - 🔹 Strategy double_top_long_4H (4H): 32 symbols
2025-12-16 09:14:27,021 - 🔹 Strategy revers_long_4H (4H): 32 symbols
2025-12-16 09:14:27,025 - 🔹 Strategy parity_long_4H (4H): 32 symbols
2025-12-16 09:14:27,029 - 🔹 Strategy revers_short_4H (4H): 32 symbols
2025-12-16 09:14:27,033 - 🔹 Strategy parity_short_4H (4H): 32 symbols
2025-12-16 09:14:27,037 - 🔹 Strategy revers_long_1H (1H): 6 symbols
2025-12-16 09:14:27,041 - 🔹 Strategy revers_short_1H (1H): 6 symbols
2025-12-16 09:14:27,044 - 🔹 Strategy revers_long_6Hutc (6Hutc): 15 symbols
2025-12-16 09:14:27,048 - 🔹 Strategy revers_short_6Hutc (6Hutc): 15 symbols
2025-12-16 09:14:27,048 - 
➡️  Detected timeframes: 6Hutc, 1H, 4H
2025-12-16 09:14:27,048 -    🔹 6Hutc: revers_long_6Hutc, revers_short_6Hutc
2025-12-16 09:14:27,048 -    🔹 1H: revers_long_1H, revers_short_1H
2025-12-16 09:14:27,048 -    🔹 4H: double_top_long_4H, revers_long_4H, parity_long_4H, revers_short_4H, parity_short_4H
2025-12-16 09:14:27,048 - 
✅ BOT Initialization completed

2025-12-16 09:14:27,068 - 
2025-12-16 09:14:27,068 - [1;94m========================================================================================================================[0m
2025-12-16 09:14:27,068 - [1;94m📈 STRATEGY ANALYSIS[0m
2025-12-16 09:14:27,068 - [1;94m========================================================================================================================[0m
2025-12-16 09:14:27,079 - [1;85mStrategy          [0m  [1;85mdate_fo   [0m  [1;85m Trades_num[0m  [1;85m Trades_pct[0m  [1;85mTotal_profit[0m  [1;85m Profit_pct[0m  [1;85mTP_pct[0m  [1;85mSL_pct[0m  [1;85mOOM_pct[0m  [1;85mAvg_days[0m
2025-12-16 09:14:27,079 - [0;93mdouble_top_long_4H[0m  2025-12-11            1        100.0  [1;92m         1.9[0m         0.41   100.0     0.0      0.0      0.22
2025-12-16 09:14:27,080 - [0;93mrevers_short_4H   [0m  2025-12-11           24        95.83  [1;92m       40.66[0m         8.86   95.83    4.17      0.0      3.28
2025-12-16 09:14:27,080 - [0;93mparity_short_4H   [0m  2025-12-11           27        92.59  [1;92m       40.06[0m         8.73   92.59    7.41      0.0      3.15
2025-12-16 09:14:27,080 - [0;93mrevers_short_1H   [0m  2025-12-11           19        78.95  [1;92m        7.58[0m         1.65   78.95    5.26      0.0      0.91
2025-12-16 09:14:27,080 - [0;93mrevers_long_1H    [0m  2025-12-11            5         20.0  [1;91m        -7.2[0m        -1.57    20.0     0.0      0.0      1.79
2025-12-16 09:14:27,080 - [0;93mrevers_short_6Hutc[0m  2025-12-12            6        66.67  [1;92m        0.31[0m         0.07   83.33   16.67      0.0      1.66
2025-12-16 09:14:27,080 - [0;93mparity_long_4H    [0m  2025-12-11            1          0.0  [1;91m       -4.05[0m        -0.88     0.0   100.0      0.0      3.25
2025-12-16 09:14:27,080 - [0;93mrevers_long_6Hutc [0m  2025-12-12            4          0.0  [1;91m      -10.62[0m        -2.31     0.0   100.0      0.0      3.47
2025-12-16 09:14:27,080 - 
2025-12-16 09:14:27,080 - [1;94m========================================================================================================================[0m
2025-12-16 09:14:27,081 - [1;94m📊 TOTAL SUMMARY[0m
2025-12-16 09:14:27,081 - [1;94m========================================================================================================================[0m
2025-12-16 09:14:27,081 - [1;94m🧮 Trades_num   :[0m 87
2025-12-16 09:14:27,081 - [1;94m🕜 Avg_duration :[0m 2.5 days
2025-12-16 09:14:27,081 - [1;94m🎯 Trades_pct   :[0m 79.31 %
2025-12-16 09:14:27,081 - [1;94m💱 Profit_pct   :[0m 1.87 %
2025-12-16 09:14:27,081 - 💵 [1;94mTOTAL_profit :[0m [1;92m68.64 $[0m
2025-12-16 09:14:27,081 - [1;94m========================================================================================================================[0m
2025-12-16 09:14:27,081 - 
2025-12-16 09:14:27,081 - 
[1;94mInitializing WebSocket connections...[0m
2025-12-16 09:14:27,823 - 🔌 PUBLIC  WebSocket connected
2025-12-16 09:14:28,045 - 🔌 PRIVATE WebSocket connected (first time)
2025-12-16 09:14:29,045 - 🛜 Subscribing to 5 private channels...
2025-12-16 09:14:29,046 - 🆗 orders
2025-12-16 09:14:29,046 - 🆗 fill
2025-12-16 09:14:29,046 - 🆗 positions
2025-12-16 09:14:29,046 - 🆗 account
2025-12-16 09:14:29,046 - 🆗 equity
2025-12-16 09:14:29,046 - ✅ WebSocket authentication successful
2025-12-16 09:14:32,109 - 📱 WebSocket status:
2025-12-16 09:14:32,109 -    - Public WS    : ✅ Connected
2025-12-16 09:14:32,109 -    - Private WS   : ✅ Connected
2025-12-16 09:14:32,109 -    - Authenticated: ✅ Yes
2025-12-16 09:14:32,109 - 📦 Pre-loading contract info for 33 symbols via API...
2025-12-16 09:14:43,190 - [0;36m✅ Pre-loaded 33/33 contracts[0m
2025-12-16 09:14:43,191 - 
2025-12-16 09:14:43,191 - ⏰ Next candle for 6Hutc : 2025-12-16 12:00:45 UTC
2025-12-16 09:14:43,192 - ⏰ Next candle for 1H    : 2025-12-16 09:00:45 UTC
2025-12-16 09:14:43,192 - ⏰ Next candle for 4H    : 2025-12-16 12:00:45 UTC
2025-12-16 09:15:58,485 - [1;94m========================================================================================================================[0m
2025-12-16 09:15:58,485 - [1;94m🤖 === STARTING MULTI-STRATEGY BOT WITH WEBSOCKET 🤖 ===[0m
2025-12-16 09:15:58,485 - [1;94m========================================================================================================================[0m
2025-12-16 09:15:58,485 - ✅  State loaded: 28 positions recovered
2025-12-16 09:15:58,485 -    ➡️  revers_short_1H: 2 positions | Candles: 16
2025-12-16 09:15:58,485 -       - BNBUSDT      | Size: 0.04       | Entry: 855.02    
2025-12-16 09:15:58,485 -       - BTCUSDT      | Size: 0.0004     | Entry: 86796.8   
2025-12-16 09:15:58,485 -    ➡️  revers_long_4H: 2 positions | Candles: 28
2025-12-16 09:15:58,485 -       - BGBUSDT      | Size: 11         | Entry: 3.6       
2025-12-16 09:15:58,485 -       - ETHUSDT      | Size: 0.01       | Entry: 3177.11   
2025-12-16 09:15:58,485 -    ➡️  parity_long_4H: 2 positions | Candles: 28
2025-12-16 09:15:58,485 -       - BGBUSDT      | Size: 11         | Entry: 3.6       
2025-12-16 09:15:58,486 -       - ETHUSDT      | Size: 0.01       | Entry: 3177.73   
2025-12-16 09:15:58,486 -    ➡️  revers_short_4H: 2 positions | Candles: 0
2025-12-16 09:15:58,486 -       - BTCUSDT      | Size: 0.0004     | Entry: 85892.9   
2025-12-16 09:15:58,486 -       - BNBUSDT      | Size: 0.04       | Entry: 858.91    
2025-12-16 09:15:58,486 -    ➡️  parity_short_4H: 2 positions | Candles: 28
2025-12-16 09:15:58,486 -       - BNBUSDT      | Size: 0.04       | Entry: 863.8     
2025-12-16 09:15:58,486 -       - BTCUSDT      | Size: 0.0004     | Entry: 89709     
2025-12-16 09:15:58,486 -    ➡️  double_top_long_4H: 3 positions | Candles: 27
2025-12-16 09:15:58,486 -       - BNBUSDT      | Size: 0.04       | Entry: 876.15    
2025-12-16 09:15:58,486 -       - ETHUSDT      | Size: 0.01       | Entry: 3198.01   
2025-12-16 09:15:58,486 -       - LINKUSDT     | Size: 2          | Entry: 13.732    
2025-12-16 09:15:58,486 -    ➡️  revers_long_1H: 2 positions | Candles: 0
2025-12-16 09:15:58,486 -       - BTCUSDT      | Size: 0.0004     | Entry: 85906.7   
2025-12-16 09:15:58,486 -       - BNBUSDT      | Size: 0.04       | Entry: 858.98    
2025-12-16 09:15:58,486 -    ➡️  revers_short_6Hutc: 11 positions | Candles: 2
2025-12-16 09:15:58,486 -       - ADAUSDT      | Size: 105        | Entry: 0.3804    
2025-12-16 09:15:58,486 -       - BNBUSDT      | Size: 0.04       | Entry: 843.99    
2025-12-16 09:15:58,486 -       - BTCUSDT      | Size: 0.0004     | Entry: 85702     
2025-12-16 09:15:58,486 -       - DOGEUSDT     | Size: 312        | Entry: 0.12786   
2025-12-16 09:15:58,486 -       - ETHUSDT      | Size: 0.01       | Entry: 2936.6    
2025-12-16 09:15:58,486 -       - HBARUSDT     | Size: 356        | Entry: 0.11234   
2025-12-16 09:15:58,486 -       - LINKUSDT     | Size: 3          | Entry: 12.585    
2025-12-16 09:15:58,486 -       - SOLUSDT      | Size: 0.3        | Entry: 124.987   
2025-12-16 09:15:58,486 -       - TAOUSDT      | Size: 0.151      | Entry: 263.96    
2025-12-16 09:15:58,486 -       - WLDUSDT      | Size: 75         | Entry: 0.5286    
2025-12-16 09:15:58,486 -       - XRPUSDT      | Size: 21         | Entry: 1.8909    
2025-12-16 09:15:58,486 -    ➡️  revers_long_6Hutc: 2 positions | Candles: 16
2025-12-16 09:15:58,486 -       - BNBUSDT      | Size: 0.03       | Entry: 891.18    
2025-12-16 09:15:58,486 -       - BTCUSDT      | Size: 0.0003     | Entry: 92367.4   
2025-12-16 09:15:58,879 - 🔹 Strategy double_top_long_4H (4H): 32 symbols
2025-12-16 09:15:58,883 - 🔹 Strategy revers_long_4H (4H): 32 symbols
2025-12-16 09:15:58,887 - 🔹 Strategy parity_long_4H (4H): 32 symbols
2025-12-16 09:15:58,891 - 🔹 Strategy revers_short_4H (4H): 32 symbols
2025-12-16 09:15:58,895 - 🔹 Strategy parity_short_4H (4H): 32 symbols
2025-12-16 09:15:58,899 - 🔹 Strategy revers_long_1H (1H): 6 symbols
2025-12-16 09:15:58,902 - 🔹 Strategy revers_short_1H (1H): 6 symbols
2025-12-16 09:15:58,906 - 🔹 Strategy revers_long_6Hutc (6Hutc): 15 symbols
2025-12-16 09:15:58,910 - 🔹 Strategy revers_short_6Hutc (6Hutc): 15 symbols
2025-12-16 09:15:58,910 - 
➡️  Detected timeframes: 4H, 6Hutc, 1H
2025-12-16 09:15:58,910 -    🔹 4H: double_top_long_4H, revers_long_4H, parity_long_4H, revers_short_4H, parity_short_4H
2025-12-16 09:15:58,910 -    🔹 6Hutc: revers_long_6Hutc, revers_short_6Hutc
2025-12-16 09:15:58,910 -    🔹 1H: revers_long_1H, revers_short_1H
2025-12-16 09:15:58,910 - 
✅ BOT Initialization completed

2025-12-16 09:15:58,929 - 
2025-12-16 09:15:58,929 - [1;94m========================================================================================================================[0m
2025-12-16 09:15:58,929 - [1;94m📈 STRATEGY ANALYSIS[0m
2025-12-16 09:15:58,929 - [1;94m========================================================================================================================[0m
2025-12-16 09:15:58,941 - [1;85mStrategy          [0m  [1;85mdate_fo   [0m  [1;85m Trades_num[0m  [1;85m Trades_pct[0m  [1;85mTotal_profit[0m  [1;85m Profit_pct[0m  [1;85mTP_pct[0m  [1;85mSL_pct[0m  [1;85mOOM_pct[0m  [1;85mAvg_days[0m
2025-12-16 09:15:58,941 - [0;93mdouble_top_long_4H[0m  2025-12-11            1        100.0  [1;92m         1.9[0m         0.41   100.0     0.0      0.0      0.22
2025-12-16 09:15:58,941 - [0;93mrevers_short_4H   [0m  2025-12-11           24        95.83  [1;92m       40.66[0m         8.86   95.83    4.17      0.0      3.28
2025-12-16 09:15:58,941 - [0;93mparity_short_4H   [0m  2025-12-11           27        92.59  [1;92m       40.06[0m         8.73   92.59    7.41      0.0      3.15
2025-12-16 09:15:58,941 - [0;93mrevers_short_1H   [0m  2025-12-11           19        78.95  [1;92m        7.58[0m         1.65   78.95    5.26      0.0      0.91
2025-12-16 09:15:58,941 - [0;93mrevers_long_1H    [0m  2025-12-11            5         20.0  [1;91m        -7.2[0m        -1.57    20.0     0.0      0.0      1.79
2025-12-16 09:15:58,941 - [0;93mrevers_short_6Hutc[0m  2025-12-12            6        66.67  [1;92m        0.31[0m         0.07   83.33   16.67      0.0      1.66
2025-12-16 09:15:58,941 - [0;93mparity_long_4H    [0m  2025-12-11            1          0.0  [1;91m       -4.05[0m        -0.88     0.0   100.0      0.0      3.25
2025-12-16 09:15:58,941 - [0;93mrevers_long_6Hutc [0m  2025-12-12            4          0.0  [1;91m      -10.62[0m        -2.31     0.0   100.0      0.0      3.47
2025-12-16 09:15:58,942 - 
2025-12-16 09:15:58,942 - [1;94m========================================================================================================================[0m
2025-12-16 09:15:58,942 - [1;94m📊 TOTAL SUMMARY[0m
2025-12-16 09:15:58,942 - [1;94m========================================================================================================================[0m
2025-12-16 09:15:58,942 - [1;94m🧮 Trades_num   :[0m 87
2025-12-16 09:15:58,942 - [1;94m🕜 Avg_duration :[0m 2.5 days
2025-12-16 09:15:58,942 - [1;94m🎯 Trades_pct   :[0m 79.31 %
2025-12-16 09:15:58,942 - [1;94m💱 Profit_pct   :[0m 1.87 %
2025-12-16 09:15:58,942 - 💵 [1;94mTOTAL_profit :[0m [1;92m68.64 $[0m
2025-12-16 09:15:58,942 - [1;94m========================================================================================================================[0m
2025-12-16 09:15:58,942 - 
2025-12-16 09:15:58,942 - 
[1;94mInitializing WebSocket connections...[0m
2025-12-16 09:15:59,896 - 🔌 PUBLIC  WebSocket connected
2025-12-16 09:15:59,908 - 🔌 PRIVATE WebSocket connected (first time)
2025-12-16 09:16:00,908 - 🛜 Subscribing to 5 private channels...
2025-12-16 09:16:00,908 - 🆗 orders
2025-12-16 09:16:00,908 - 🆗 fill
2025-12-16 09:16:00,908 - 🆗 positions
2025-12-16 09:16:00,908 - 🆗 account
2025-12-16 09:16:00,908 - 🆗 equity
2025-12-16 09:16:00,909 - ✅ WebSocket authentication successful
2025-12-16 09:16:03,945 - 📱 WebSocket status:
2025-12-16 09:16:03,945 -    - Public WS    : ✅ Connected
2025-12-16 09:16:03,945 -    - Private WS   : ✅ Connected
2025-12-16 09:16:03,945 -    - Authenticated: ✅ Yes
2025-12-16 09:16:03,945 - 📦 Pre-loading contract info for 33 symbols via API...
2025-12-16 09:16:15,105 - [0;36m✅ Pre-loaded 33/33 contracts[0m
2025-12-16 09:16:15,106 - 
2025-12-16 09:16:15,106 - ⏰ Next candle for 4H    : 2025-12-16 12:00:45 UTC
2025-12-16 09:16:15,106 - ⏰ Next candle for 6Hutc : 2025-12-16 12:00:45 UTC
2025-12-16 09:16:15,106 - ⏰ Next candle for 1H    : 2025-12-16 09:00:45 UTC
2025-12-16 09:16:28,896 - 🔔 No price for ADAUSDT: No fresh price data for ADAUSDT
2025-12-16 09:19:16,612 - [1;94m========================================================================================================================[0m
2025-12-16 09:19:16,612 - [1;94m🤖 === STARTING MULTI-STRATEGY BOT WITH WEBSOCKET 🤖 ===[0m
2025-12-16 09:19:16,612 - [1;94m========================================================================================================================[0m
2025-12-16 09:19:16,613 - ✅  State loaded: 28 positions recovered
2025-12-16 09:19:16,613 -    ➡️  revers_short_1H: 2 positions | Candles: 16
2025-12-16 09:19:16,613 -       - BNBUSDT      | Size: 0.04       | Entry: 855.02    
2025-12-16 09:19:16,613 -       - BTCUSDT      | Size: 0.0004     | Entry: 86796.8   
2025-12-16 09:19:16,613 -    ➡️  revers_long_4H: 2 positions | Candles: 28
2025-12-16 09:19:16,613 -       - BGBUSDT      | Size: 11         | Entry: 3.6       
2025-12-16 09:19:16,613 -       - ETHUSDT      | Size: 0.01       | Entry: 3177.11   
2025-12-16 09:19:16,613 -    ➡️  parity_long_4H: 2 positions | Candles: 28
2025-12-16 09:19:16,613 -       - BGBUSDT      | Size: 11         | Entry: 3.6       
2025-12-16 09:19:16,613 -       - ETHUSDT      | Size: 0.01       | Entry: 3177.73   
2025-12-16 09:19:16,613 -    ➡️  revers_short_4H: 2 positions | Candles: 0
2025-12-16 09:19:16,613 -       - BTCUSDT      | Size: 0.0004     | Entry: 85892.9   
2025-12-16 09:19:16,613 -       - BNBUSDT      | Size: 0.04       | Entry: 858.91    
2025-12-16 09:19:16,613 -    ➡️  parity_short_4H: 2 positions | Candles: 28
2025-12-16 09:19:16,613 -       - BNBUSDT      | Size: 0.04       | Entry: 863.8     
2025-12-16 09:19:16,613 -       - BTCUSDT      | Size: 0.0004     | Entry: 89709     
2025-12-16 09:19:16,613 -    ➡️  double_top_long_4H: 3 positions | Candles: 27
2025-12-16 09:19:16,613 -       - BNBUSDT      | Size: 0.04       | Entry: 876.15    
2025-12-16 09:19:16,613 -       - ETHUSDT      | Size: 0.01       | Entry: 3198.01   
2025-12-16 09:19:16,613 -       - LINKUSDT     | Size: 2          | Entry: 13.732    
2025-12-16 09:19:16,613 -    ➡️  revers_long_1H: 2 positions | Candles: 0
2025-12-16 09:19:16,613 -       - BTCUSDT      | Size: 0.0004     | Entry: 85906.7   
2025-12-16 09:19:16,613 -       - BNBUSDT      | Size: 0.04       | Entry: 858.98    
2025-12-16 09:19:16,613 -    ➡️  revers_short_6Hutc: 11 positions | Candles: 2
2025-12-16 09:19:16,613 -       - ADAUSDT      | Size: 105        | Entry: 0.3804    
2025-12-16 09:19:16,613 -       - BNBUSDT      | Size: 0.04       | Entry: 843.99    
2025-12-16 09:19:16,613 -       - BTCUSDT      | Size: 0.0004     | Entry: 85702     
2025-12-16 09:19:16,614 -       - DOGEUSDT     | Size: 312        | Entry: 0.12786   
2025-12-16 09:19:16,614 -       - ETHUSDT      | Size: 0.01       | Entry: 2936.6    
2025-12-16 09:19:16,614 -       - HBARUSDT     | Size: 356        | Entry: 0.11234   
2025-12-16 09:19:16,614 -       - LINKUSDT     | Size: 3          | Entry: 12.585    
2025-12-16 09:19:16,614 -       - SOLUSDT      | Size: 0.3        | Entry: 124.987   
2025-12-16 09:19:16,614 -       - TAOUSDT      | Size: 0.151      | Entry: 263.96    
2025-12-16 09:19:16,614 -       - WLDUSDT      | Size: 75         | Entry: 0.5286    
2025-12-16 09:19:16,614 -       - XRPUSDT      | Size: 21         | Entry: 1.8909    
2025-12-16 09:19:16,614 -    ➡️  revers_long_6Hutc: 2 positions | Candles: 16
2025-12-16 09:19:16,614 -       - BNBUSDT      | Size: 0.03       | Entry: 891.18    
2025-12-16 09:19:16,614 -       - BTCUSDT      | Size: 0.0003     | Entry: 92367.4   
2025-12-16 09:19:17,229 - 🔹 Strategy double_top_long_4H (4H): 32 symbols
2025-12-16 09:19:17,245 - 🔹 Strategy revers_long_4H (4H): 32 symbols
2025-12-16 09:19:17,261 - 🔹 Strategy parity_long_4H (4H): 32 symbols
2025-12-16 09:19:17,275 - 🔹 Strategy revers_short_4H (4H): 32 symbols
2025-12-16 09:19:17,298 - 🔹 Strategy parity_short_4H (4H): 32 symbols
2025-12-16 09:19:17,308 - 🔹 Strategy revers_long_1H (1H): 6 symbols
2025-12-16 09:19:17,318 - 🔹 Strategy revers_short_1H (1H): 6 symbols
2025-12-16 09:19:17,328 - 🔹 Strategy revers_long_6Hutc (6Hutc): 15 symbols
2025-12-16 09:19:17,344 - 🔹 Strategy revers_short_6Hutc (6Hutc): 15 symbols
2025-12-16 09:19:17,344 - 
➡️  Detected timeframes: 6Hutc, 4H, 1H
2025-12-16 09:19:17,344 -    🔹 6Hutc: revers_long_6Hutc, revers_short_6Hutc
2025-12-16 09:19:17,344 -    🔹 4H: double_top_long_4H, revers_long_4H, parity_long_4H, revers_short_4H, parity_short_4H
2025-12-16 09:19:17,344 -    🔹 1H: revers_long_1H, revers_short_1H
2025-12-16 09:19:17,344 - 
✅ BOT Initialization completed

2025-12-16 09:19:17,410 - 
2025-12-16 09:19:17,410 - [1;94m========================================================================================================================[0m
2025-12-16 09:19:17,410 - [1;94m📈 STRATEGY ANALYSIS[0m
2025-12-16 09:19:17,410 - [1;94m========================================================================================================================[0m
2025-12-16 09:19:17,446 - [1;85mStrategy          [0m  [1;85mdate_fo   [0m  [1;85m Trades_num[0m  [1;85m Trades_pct[0m  [1;85mTotal_profit[0m  [1;85m Profit_pct[0m  [1;85mTP_pct[0m  [1;85mSL_pct[0m  [1;85mOOM_pct[0m  [1;85mAvg_days[0m
2025-12-16 09:19:17,446 - [0;93mdouble_top_long_4H[0m  2025-12-11            1        100.0  [1;92m         1.9[0m         0.41   100.0     0.0      0.0      0.22
2025-12-16 09:19:17,446 - [0;93mrevers_short_4H   [0m  2025-12-11           24        95.83  [1;92m       40.66[0m         8.86   95.83    4.17      0.0      3.28
2025-12-16 09:19:17,446 - [0;93mparity_short_4H   [0m  2025-12-11           27        92.59  [1;92m       40.06[0m         8.73   92.59    7.41      0.0      3.15
2025-12-16 09:19:17,447 - [0;93mrevers_short_1H   [0m  2025-12-11           19        78.95  [1;92m        7.58[0m         1.65   78.95    5.26      0.0      0.91
2025-12-16 09:19:17,447 - [0;93mrevers_long_1H    [0m  2025-12-11            5         20.0  [1;91m        -7.2[0m        -1.57    20.0     0.0      0.0      1.79
2025-12-16 09:19:17,447 - [0;93mrevers_short_6Hutc[0m  2025-12-12            6        66.67  [1;92m        0.31[0m         0.07   83.33   16.67      0.0      1.66
2025-12-16 09:19:17,447 - [0;93mparity_long_4H    [0m  2025-12-11            1          0.0  [1;91m       -4.05[0m        -0.88     0.0   100.0      0.0      3.25
2025-12-16 09:19:17,453 - [0;93mrevers_long_6Hutc [0m  2025-12-12            4          0.0  [1;91m      -10.62[0m        -2.31     0.0   100.0      0.0      3.47
2025-12-16 09:19:17,454 - 
2025-12-16 09:19:17,454 - [1;94m========================================================================================================================[0m
2025-12-16 09:19:17,454 - [1;94m📊 TOTAL SUMMARY[0m
2025-12-16 09:19:17,454 - [1;94m========================================================================================================================[0m
2025-12-16 09:19:17,454 - [1;94m🧮 Trades_num   :[0m 87
2025-12-16 09:19:17,454 - [1;94m🕜 Avg_duration :[0m 2.5 days
2025-12-16 09:19:17,454 - [1;94m🎯 Trades_pct   :[0m 79.31 %
2025-12-16 09:19:17,454 - [1;94m💱 Profit_pct   :[0m 1.87 %
2025-12-16 09:19:17,454 - 💵 [1;94mTOTAL_profit :[0m [1;92m68.64 $[0m
2025-12-16 09:19:17,454 - [1;94m========================================================================================================================[0m
2025-12-16 09:19:17,454 - 
2025-12-16 09:19:17,454 - 
[1;94mInitializing WebSocket connections...[0m
2025-12-16 09:19:18,219 - 🔌 PUBLIC  WebSocket connected
2025-12-16 09:19:18,221 - 🔌 PRIVATE WebSocket connected (first time)
2025-12-16 09:19:19,222 - 🛜 Subscribing to 5 private channels...
2025-12-16 09:19:19,227 - 🆗 orders
2025-12-16 09:19:19,227 - 🆗 fill
2025-12-16 09:19:19,227 - 🆗 positions
2025-12-16 09:19:19,227 - 🆗 account
2025-12-16 09:19:19,228 - 🆗 equity
2025-12-16 09:19:19,228 - ✅ WebSocket authentication successful
2025-12-16 09:19:22,463 - 📱 WebSocket status:
2025-12-16 09:19:22,463 -    - Public WS    : ✅ Connected
2025-12-16 09:19:22,463 -    - Private WS   : ✅ Connected
2025-12-16 09:19:22,463 -    - Authenticated: ✅ Yes
2025-12-16 09:19:22,463 - 📦 Pre-loading contract info for 33 symbols via API...
2025-12-16 09:19:35,236 - [0;36m✅ Pre-loaded 33/33 contracts[0m
2025-12-16 09:19:35,237 - 
2025-12-16 09:19:35,237 - ⏰ Next candle for 6Hutc : 2025-12-16 12:00:45 UTC
2025-12-16 09:19:35,237 - ⏰ Next candle for 4H    : 2025-12-16 12:00:45 UTC
2025-12-16 09:19:35,238 - ⏰ Next candle for 1H    : 2025-12-16 09:00:45 UTC
2025-12-16 09:20:17,298 - 
🔚 Interrupted by user.
2025-12-16 09:20:17,386 - ⛔ BOT Stopped
2025-12-16 09:20:37,692 - [1;94m========================================================================================================================[0m
2025-12-16 09:20:37,692 - [1;94m🤖 === STARTING MULTI-STRATEGY BOT WITH WEBSOCKET 🤖 ===[0m
2025-12-16 09:20:37,692 - [1;94m========================================================================================================================[0m
2025-12-16 09:20:37,692 - ✅  State loaded: 28 positions recovered
2025-12-16 09:20:37,692 -    ➡️  revers_short_1H: 2 positions | Candles: 16
2025-12-16 09:20:37,692 -       - BNBUSDT      | Size: 0.04       | Entry: 855.02    
2025-12-16 09:20:37,692 -       - BTCUSDT      | Size: 0.0004     | Entry: 86796.8   
2025-12-16 09:20:37,692 -    ➡️  revers_long_4H: 2 positions | Candles: 28
2025-12-16 09:20:37,692 -       - BGBUSDT      | Size: 11         | Entry: 3.6       
2025-12-16 09:20:37,692 -       - ETHUSDT      | Size: 0.01       | Entry: 3177.11   
2025-12-16 09:20:37,693 -    ➡️  parity_long_4H: 2 positions | Candles: 28
2025-12-16 09:20:37,693 -       - BGBUSDT      | Size: 11         | Entry: 3.6       
2025-12-16 09:20:37,693 -       - ETHUSDT      | Size: 0.01       | Entry: 3177.73   
2025-12-16 09:20:37,693 -    ➡️  revers_short_4H: 2 positions | Candles: 0
2025-12-16 09:20:37,693 -       - BTCUSDT      | Size: 0.0004     | Entry: 85892.9   
2025-12-16 09:20:37,693 -       - BNBUSDT      | Size: 0.04       | Entry: 858.91    
2025-12-16 09:20:37,693 -    ➡️  parity_short_4H: 2 positions | Candles: 28
2025-12-16 09:20:37,693 -       - BNBUSDT      | Size: 0.04       | Entry: 863.8     
2025-12-16 09:20:37,693 -       - BTCUSDT      | Size: 0.0004     | Entry: 89709     
2025-12-16 09:20:37,693 -    ➡️  double_top_long_4H: 3 positions | Candles: 27
2025-12-16 09:20:37,693 -       - BNBUSDT      | Size: 0.04       | Entry: 876.15    
2025-12-16 09:20:37,693 -       - ETHUSDT      | Size: 0.01       | Entry: 3198.01   
2025-12-16 09:20:37,693 -       - LINKUSDT     | Size: 2          | Entry: 13.732    
2025-12-16 09:20:37,693 -    ➡️  revers_long_1H: 2 positions | Candles: 0
2025-12-16 09:20:37,693 -       - BTCUSDT      | Size: 0.0004     | Entry: 85906.7   
2025-12-16 09:20:37,693 -       - BNBUSDT      | Size: 0.04       | Entry: 858.98    
2025-12-16 09:20:37,693 -    ➡️  revers_short_6Hutc: 11 positions | Candles: 2
2025-12-16 09:20:37,693 -       - ADAUSDT      | Size: 105        | Entry: 0.3804    
2025-12-16 09:20:37,693 -       - BNBUSDT      | Size: 0.04       | Entry: 843.99    
2025-12-16 09:20:37,693 -       - BTCUSDT      | Size: 0.0004     | Entry: 85702     
2025-12-16 09:20:37,693 -       - DOGEUSDT     | Size: 312        | Entry: 0.12786   
2025-12-16 09:20:37,693 -       - ETHUSDT      | Size: 0.01       | Entry: 2936.6    
2025-12-16 09:20:37,693 -       - HBARUSDT     | Size: 356        | Entry: 0.11234   
2025-12-16 09:20:37,693 -       - LINKUSDT     | Size: 3          | Entry: 12.585    
2025-12-16 09:20:37,693 -       - SOLUSDT      | Size: 0.3        | Entry: 124.987   
2025-12-16 09:20:37,693 -       - TAOUSDT      | Size: 0.151      | Entry: 263.96    
2025-12-16 09:20:37,693 -       - WLDUSDT      | Size: 75         | Entry: 0.5286    
2025-12-16 09:20:37,693 -       - XRPUSDT      | Size: 21         | Entry: 1.8909    
2025-12-16 09:20:37,693 -    ➡️  revers_long_6Hutc: 2 positions | Candles: 16
2025-12-16 09:20:37,693 -       - BNBUSDT      | Size: 0.03       | Entry: 891.18    
2025-12-16 09:20:37,693 -       - BTCUSDT      | Size: 0.0003     | Entry: 92367.4   
2025-12-16 09:20:38,213 - 🔹 Strategy double_top_long_4H (4H): 32 symbols
2025-12-16 09:20:38,230 - 🔹 Strategy revers_long_4H (4H): 32 symbols
2025-12-16 09:20:38,240 - 🔹 Strategy parity_long_4H (4H): 32 symbols
2025-12-16 09:20:38,256 - 🔹 Strategy revers_short_4H (4H): 32 symbols
2025-12-16 09:20:38,268 - 🔹 Strategy parity_short_4H (4H): 32 symbols
2025-12-16 09:20:38,286 - 🔹 Strategy revers_long_1H (1H): 6 symbols
2025-12-16 09:20:38,296 - 🔹 Strategy revers_short_1H (1H): 6 symbols
2025-12-16 09:20:38,306 - 🔹 Strategy revers_long_6Hutc (6Hutc): 15 symbols
2025-12-16 09:20:38,315 - 🔹 Strategy revers_short_6Hutc (6Hutc): 15 symbols
2025-12-16 09:20:38,315 - 
➡️  Detected timeframes: 4H, 6Hutc, 1H
2025-12-16 09:20:38,315 -    🔹 4H: double_top_long_4H, revers_long_4H, parity_long_4H, revers_short_4H, parity_short_4H
2025-12-16 09:20:38,316 -    🔹 6Hutc: revers_long_6Hutc, revers_short_6Hutc
2025-12-16 09:20:38,316 -    🔹 1H: revers_long_1H, revers_short_1H
2025-12-16 09:20:38,316 - 
✅ BOT Initialization completed

2025-12-16 09:20:38,381 - 
2025-12-16 09:20:38,381 - [1;94m========================================================================================================================[0m
2025-12-16 09:20:38,381 - [1;94m📈 STRATEGY ANALYSIS[0m
2025-12-16 09:20:38,381 - [1;94m========================================================================================================================[0m
2025-12-16 09:20:38,418 - [1;85mStrategy          [0m  [1;85mdate_fo   [0m  [1;85m Trades_num[0m  [1;85m Trades_pct[0m  [1;85mTotal_profit[0m  [1;85m Profit_pct[0m  [1;85mTP_pct[0m  [1;85mSL_pct[0m  [1;85mOOM_pct[0m  [1;85mAvg_days[0m
2025-12-16 09:20:38,418 - [0;93mdouble_top_long_4H[0m  2025-12-11            1        100.0  [1;92m         1.9[0m         0.41   100.0     0.0      0.0      0.22
2025-12-16 09:20:38,418 - [0;93mrevers_short_4H   [0m  2025-12-11           24        95.83  [1;92m       40.66[0m         8.86   95.83    4.17      0.0      3.28
2025-12-16 09:20:38,418 - [0;93mparity_short_4H   [0m  2025-12-11           27        92.59  [1;92m       40.06[0m         8.73   92.59    7.41      0.0      3.15
2025-12-16 09:20:38,418 - [0;93mrevers_short_1H   [0m  2025-12-11           19        78.95  [1;92m        7.58[0m         1.65   78.95    5.26      0.0      0.91
2025-12-16 09:20:38,419 - [0;93mrevers_long_1H    [0m  2025-12-11            5         20.0  [1;91m        -7.2[0m        -1.57    20.0     0.0      0.0      1.79
2025-12-16 09:20:38,419 - [0;93mrevers_short_6Hutc[0m  2025-12-12            6        66.67  [1;92m        0.31[0m         0.07   83.33   16.67      0.0      1.66
2025-12-16 09:20:38,419 - [0;93mparity_long_4H    [0m  2025-12-11            1          0.0  [1;91m       -4.05[0m        -0.88     0.0   100.0      0.0      3.25
2025-12-16 09:20:38,419 - [0;93mrevers_long_6Hutc [0m  2025-12-12            4          0.0  [1;91m      -10.62[0m        -2.31     0.0   100.0      0.0      3.47
2025-12-16 09:20:38,426 - 
2025-12-16 09:20:38,426 - [1;94m========================================================================================================================[0m
2025-12-16 09:20:38,426 - [1;94m📊 TOTAL SUMMARY[0m
2025-12-16 09:20:38,426 - [1;94m========================================================================================================================[0m
2025-12-16 09:20:38,426 - [1;94m🧮 Trades_num   :[0m 87
2025-12-16 09:20:38,426 - [1;94m🕜 Avg_duration :[0m 2.5 days
2025-12-16 09:20:38,427 - [1;94m🎯 Trades_pct   :[0m 79.31 %
2025-12-16 09:20:38,427 - [1;94m💱 Profit_pct   :[0m 1.87 %
2025-12-16 09:20:38,427 - 💵 [1;94mTOTAL_profit :[0m [1;92m68.64 $[0m
2025-12-16 09:20:38,427 - [1;94m========================================================================================================================[0m
2025-12-16 09:20:38,427 - 
2025-12-16 09:20:38,427 - 
[1;94mInitializing WebSocket connections...[0m
2025-12-16 09:20:39,166 - 🔌 PRIVATE WebSocket connected (first time)
2025-12-16 09:20:39,172 - 🔌 PUBLIC  WebSocket connected
2025-12-16 09:20:40,167 - 🛜 Subscribing to 5 private channels...
2025-12-16 09:20:40,167 - 🆗 orders
2025-12-16 09:20:40,167 - 🆗 fill
2025-12-16 09:20:40,167 - 🆗 positions
2025-12-16 09:20:40,170 - 🆗 account
2025-12-16 09:20:40,170 - 🆗 equity
2025-12-16 09:20:40,170 - ✅ WebSocket authentication successful
2025-12-16 09:20:43,433 - 📱 WebSocket status:
2025-12-16 09:20:43,434 -    - Public WS    : ✅ Connected
2025-12-16 09:20:43,434 -    - Private WS   : ✅ Connected
2025-12-16 09:20:43,434 -    - Authenticated: ✅ Yes
2025-12-16 09:20:43,434 - 📦 Pre-loading contract info for 33 symbols via API...
2025-12-16 09:20:55,638 - [0;36m✅ Pre-loaded 33/33 contracts[0m
2025-12-16 09:20:55,640 - 
2025-12-16 09:20:55,640 - ⏰ Next candle for 4H    : 2025-12-16 12:00:45 UTC
2025-12-16 09:20:55,640 - ⏰ Next candle for 6Hutc : 2025-12-16 12:00:45 UTC
2025-12-16 09:20:55,640 - ⏰ Next candle for 1H    : 2025-12-16 09:00:45 UTC
2025-12-16 09:26:32,281 - [1;94m========================================================================================================================[0m
2025-12-16 09:26:32,281 - [1;94m🤖 === STARTING MULTI-STRATEGY BOT WITH WEBSOCKET 🤖 ===[0m
2025-12-16 09:26:32,281 - [1;94m========================================================================================================================[0m
2025-12-16 09:26:32,281 - ✅  State loaded: 24 positions recovered
2025-12-16 09:26:32,281 -    ➡️  revers_short_1H: 2 positions | Candles: 16
2025-12-16 09:26:32,281 -       - BNBUSDT      | Size: 0.04       | Entry: 855.02    
2025-12-16 09:26:32,282 -       - BTCUSDT      | Size: 0.0004     | Entry: 86796.8   
2025-12-16 09:26:32,282 -    ➡️  revers_long_4H: 2 positions | Candles: 28
2025-12-16 09:26:32,282 -       - BGBUSDT      | Size: 11         | Entry: 3.6       
2025-12-16 09:26:32,282 -       - ETHUSDT      | Size: 0.01       | Entry: 3177.11   
2025-12-16 09:26:32,282 -    ➡️  parity_long_4H: 2 positions | Candles: 28
2025-12-16 09:26:32,282 -       - BGBUSDT      | Size: 11         | Entry: 3.6       
2025-12-16 09:26:32,282 -       - ETHUSDT      | Size: 0.01       | Entry: 3177.73   
2025-12-16 09:26:32,282 -    ➡️  parity_short_4H: 2 positions | Candles: 28
2025-12-16 09:26:32,282 -       - BNBUSDT      | Size: 0.04       | Entry: 863.8     
2025-12-16 09:26:32,282 -       - BTCUSDT      | Size: 0.0004     | Entry: 89709     
2025-12-16 09:26:32,282 -    ➡️  double_top_long_4H: 3 positions | Candles: 27
2025-12-16 09:26:32,282 -       - BNBUSDT      | Size: 0.04       | Entry: 876.15    
2025-12-16 09:26:32,282 -       - ETHUSDT      | Size: 0.01       | Entry: 3198.01   
2025-12-16 09:26:32,282 -       - LINKUSDT     | Size: 2          | Entry: 13.732    
2025-12-16 09:26:32,282 -    ➡️  revers_short_6Hutc: 11 positions | Candles: 2
2025-12-16 09:26:32,282 -       - ADAUSDT      | Size: 105        | Entry: 0.3804    
2025-12-16 09:26:32,282 -       - BNBUSDT      | Size: 0.04       | Entry: 843.99    
2025-12-16 09:26:32,282 -       - BTCUSDT      | Size: 0.0004     | Entry: 85702     
2025-12-16 09:26:32,282 -       - DOGEUSDT     | Size: 312        | Entry: 0.12786   
2025-12-16 09:26:32,282 -       - ETHUSDT      | Size: 0.01       | Entry: 2936.6    
2025-12-16 09:26:32,282 -       - HBARUSDT     | Size: 356        | Entry: 0.11234   
2025-12-16 09:26:32,282 -       - LINKUSDT     | Size: 3          | Entry: 12.585    
2025-12-16 09:26:32,282 -       - SOLUSDT      | Size: 0.3        | Entry: 124.987   
2025-12-16 09:26:32,282 -       - TAOUSDT      | Size: 0.151      | Entry: 263.96    
2025-12-16 09:26:32,282 -       - WLDUSDT      | Size: 75         | Entry: 0.5286    
2025-12-16 09:26:32,282 -       - XRPUSDT      | Size: 21         | Entry: 1.8909    
2025-12-16 09:26:32,282 -    ➡️  revers_long_6Hutc: 2 positions | Candles: 16
2025-12-16 09:26:32,282 -       - BNBUSDT      | Size: 0.03       | Entry: 891.18    
2025-12-16 09:26:32,282 -       - BTCUSDT      | Size: 0.0003     | Entry: 92367.4   
2025-12-16 09:26:32,710 - 🔹 Strategy double_top_long_4H (4H): 32 symbols
2025-12-16 09:26:32,715 - 🔹 Strategy revers_long_4H (4H): 32 symbols
2025-12-16 09:26:32,719 - 🔹 Strategy parity_long_4H (4H): 32 symbols
2025-12-16 09:26:32,723 - 🔹 Strategy revers_short_4H (4H): 32 symbols
2025-12-16 09:26:32,727 - 🔹 Strategy parity_short_4H (4H): 32 symbols
2025-12-16 09:26:32,731 - 🔹 Strategy revers_long_1H (1H): 6 symbols
2025-12-16 09:26:32,735 - 🔹 Strategy revers_short_1H (1H): 6 symbols
2025-12-16 09:26:32,738 - 🔹 Strategy revers_long_6Hutc (6Hutc): 15 symbols
2025-12-16 09:26:32,742 - 🔹 Strategy revers_short_6Hutc (6Hutc): 15 symbols
2025-12-16 09:26:32,742 - 
➡️  Detected timeframes: 6Hutc, 1H, 4H
2025-12-16 09:26:32,742 -    🔹 6Hutc: revers_long_6Hutc, revers_short_6Hutc
2025-12-16 09:26:32,742 -    🔹 1H: revers_long_1H, revers_short_1H
2025-12-16 09:26:32,742 -    🔹 4H: double_top_long_4H, revers_long_4H, parity_long_4H, revers_short_4H, parity_short_4H
2025-12-16 09:26:32,742 - 
✅ BOT Initialization completed

2025-12-16 09:26:32,762 - 
2025-12-16 09:26:32,763 - [1;94m========================================================================================================================[0m
2025-12-16 09:26:32,763 - [1;94m📈 STRATEGY ANALYSIS[0m
2025-12-16 09:26:32,763 - [1;94m========================================================================================================================[0m
2025-12-16 09:26:32,774 - [1;85mStrategy          [0m  [1;85mdate_fo   [0m  [1;85m Trades_num[0m  [1;85m Trades_pct[0m  [1;85mTotal_profit[0m  [1;85m Profit_pct[0m  [1;85mTP_pct[0m  [1;85mSL_pct[0m  [1;85mOOM_pct[0m  [1;85mAvg_days[0m
2025-12-16 09:26:32,774 - [0;93mdouble_top_long_4H[0m  2025-12-11            1        100.0  [1;92m         1.9[0m         0.41   100.0     0.0      0.0      0.22
2025-12-16 09:26:32,774 - [0;93mrevers_short_4H   [0m  2025-12-11           24        95.83  [1;92m       40.66[0m         8.86   95.83    4.17      0.0      3.28
2025-12-16 09:26:32,774 - [0;93mparity_short_4H   [0m  2025-12-11           27        92.59  [1;92m       40.06[0m         8.73   92.59    7.41      0.0      3.15
2025-12-16 09:26:32,774 - [0;93mrevers_short_1H   [0m  2025-12-11           19        78.95  [1;92m        7.58[0m         1.65   78.95    5.26      0.0      0.91
2025-12-16 09:26:32,774 - [0;93mrevers_long_1H    [0m  2025-12-11            5         20.0  [1;91m        -7.2[0m        -1.57    20.0     0.0      0.0      1.79
2025-12-16 09:26:32,775 - [0;93mrevers_short_6Hutc[0m  2025-12-12            6        66.67  [1;92m        0.31[0m         0.07   83.33   16.67      0.0      1.66
2025-12-16 09:26:32,775 - [0;93mparity_long_4H    [0m  2025-12-11            1          0.0  [1;91m       -4.05[0m        -0.88     0.0   100.0      0.0      3.25
2025-12-16 09:26:32,775 - [0;93mrevers_long_6Hutc [0m  2025-12-12            4          0.0  [1;91m      -10.62[0m        -2.31     0.0   100.0      0.0      3.47
2025-12-16 09:26:32,775 - 
2025-12-16 09:26:32,775 - [1;94m========================================================================================================================[0m
2025-12-16 09:26:32,775 - [1;94m📊 TOTAL SUMMARY[0m
2025-12-16 09:26:32,775 - [1;94m========================================================================================================================[0m
2025-12-16 09:26:32,775 - [1;94m🧮 Trades_num   :[0m 87
2025-12-16 09:26:32,775 - [1;94m🕜 Avg_duration :[0m 2.5 days
2025-12-16 09:26:32,775 - [1;94m🎯 Trades_pct   :[0m 79.31 %
2025-12-16 09:26:32,775 - [1;94m💱 Profit_pct   :[0m 1.87 %
2025-12-16 09:26:32,775 - 💵 [1;94mTOTAL_profit :[0m [1;92m68.64 $[0m
2025-12-16 09:26:32,775 - [1;94m========================================================================================================================[0m
2025-12-16 09:26:32,775 - 
2025-12-16 09:26:32,775 - 
[1;94mInitializing WebSocket connections...[0m
2025-12-16 09:26:33,582 - 🔌 PRIVATE WebSocket connected (first time)
2025-12-16 09:26:33,830 - 🔌 PUBLIC  WebSocket connected
2025-12-16 09:26:34,582 - 🛜 Subscribing to 5 private channels...
2025-12-16 09:26:34,582 - 🆗 orders
2025-12-16 09:26:34,582 - 🆗 fill
2025-12-16 09:26:34,583 - 🆗 positions
2025-12-16 09:26:34,583 - 🆗 account
2025-12-16 09:26:34,583 - 🆗 equity
2025-12-16 09:26:34,583 - ✅ WebSocket authentication successful
2025-12-16 09:26:37,777 - 📱 WebSocket status:
2025-12-16 09:26:37,777 -    - Public WS    : ✅ Connected
2025-12-16 09:26:37,777 -    - Private WS   : ✅ Connected
2025-12-16 09:26:37,777 -    - Authenticated: ✅ Yes
2025-12-16 09:26:37,777 - 📦 Pre-loading contract info for 33 symbols via API...
2025-12-16 09:26:49,124 - [0;36m✅ Pre-loaded 33/33 contracts[0m
2025-12-16 09:26:49,125 - 
2025-12-16 09:26:49,125 - ⏰ Next candle for 6Hutc : 2025-12-16 12:00:45 UTC
2025-12-16 09:26:49,125 - ⏰ Next candle for 1H    : 2025-12-16 09:00:45 UTC
2025-12-16 09:26:49,125 - ⏰ Next candle for 4H    : 2025-12-16 12:00:45 UTC
2025-12-16 09:29:39,235 - 
🔚 Interrupted by user.
2025-12-16 09:29:39,263 - ⛔ BOT Stopped
2025-12-16 09:29:44,532 - [1;94m========================================================================================================================[0m
2025-12-16 09:29:44,532 - [1;94m🤖 === STARTING MULTI-STRATEGY BOT OPERATING IN ACCOUNT: 01 🤖 ===[0m
2025-12-16 09:29:44,532 - [1;94m========================================================================================================================[0m
2025-12-16 09:29:44,532 - ✅  State loaded: 24 positions recovered
2025-12-16 09:29:44,532 -    ➡️  revers_short_1H: 2 positions | Candles: 16
2025-12-16 09:29:44,532 -       - BNBUSDT      | Size: 0.04       | Entry: 855.02    
2025-12-16 09:29:44,532 -       - BTCUSDT      | Size: 0.0004     | Entry: 86796.8   
2025-12-16 09:29:44,532 -    ➡️  revers_long_4H: 2 positions | Candles: 28
2025-12-16 09:29:44,532 -       - BGBUSDT      | Size: 11         | Entry: 3.6       
2025-12-16 09:29:44,532 -       - ETHUSDT      | Size: 0.01       | Entry: 3177.11   
2025-12-16 09:29:44,532 -    ➡️  parity_long_4H: 2 positions | Candles: 28
2025-12-16 09:29:44,532 -       - BGBUSDT      | Size: 11         | Entry: 3.6       
2025-12-16 09:29:44,532 -       - ETHUSDT      | Size: 0.01       | Entry: 3177.73   
2025-12-16 09:29:44,532 -    ➡️  parity_short_4H: 2 positions | Candles: 28
2025-12-16 09:29:44,532 -       - BNBUSDT      | Size: 0.04       | Entry: 863.8     
2025-12-16 09:29:44,532 -       - BTCUSDT      | Size: 0.0004     | Entry: 89709     
2025-12-16 09:29:44,532 -    ➡️  double_top_long_4H: 3 positions | Candles: 27
2025-12-16 09:29:44,532 -       - BNBUSDT      | Size: 0.04       | Entry: 876.15    
2025-12-16 09:29:44,532 -       - ETHUSDT      | Size: 0.01       | Entry: 3198.01   
2025-12-16 09:29:44,532 -       - LINKUSDT     | Size: 2          | Entry: 13.732    
2025-12-16 09:29:44,532 -    ➡️  revers_short_6Hutc: 11 positions | Candles: 2
2025-12-16 09:29:44,532 -       - ADAUSDT      | Size: 105        | Entry: 0.3804    
2025-12-16 09:29:44,532 -       - BNBUSDT      | Size: 0.04       | Entry: 843.99    
2025-12-16 09:29:44,532 -       - BTCUSDT      | Size: 0.0004     | Entry: 85702     
2025-12-16 09:29:44,532 -       - DOGEUSDT     | Size: 312        | Entry: 0.12786   
2025-12-16 09:29:44,532 -       - ETHUSDT      | Size: 0.01       | Entry: 2936.6    
2025-12-16 09:29:44,533 -       - HBARUSDT     | Size: 356        | Entry: 0.11234   
2025-12-16 09:29:44,533 -       - LINKUSDT     | Size: 3          | Entry: 12.585    
2025-12-16 09:29:44,533 -       - SOLUSDT      | Size: 0.3        | Entry: 124.987   
2025-12-16 09:29:44,533 -       - TAOUSDT      | Size: 0.151      | Entry: 263.96    
2025-12-16 09:29:44,533 -       - WLDUSDT      | Size: 75         | Entry: 0.5286    
2025-12-16 09:29:44,533 -       - XRPUSDT      | Size: 21         | Entry: 1.8909    
2025-12-16 09:29:44,533 -    ➡️  revers_long_6Hutc: 2 positions | Candles: 16
2025-12-16 09:29:44,533 -       - BNBUSDT      | Size: 0.03       | Entry: 891.18    
2025-12-16 09:29:44,533 -       - BTCUSDT      | Size: 0.0003     | Entry: 92367.4   
2025-12-16 09:29:44,980 - 🔹 Strategy double_top_long_4H (4H): 32 symbols
2025-12-16 09:29:44,984 - 🔹 Strategy revers_long_4H (4H): 32 symbols
2025-12-16 09:29:44,988 - 🔹 Strategy parity_long_4H (4H): 32 symbols
2025-12-16 09:29:44,992 - 🔹 Strategy revers_short_4H (4H): 32 symbols
2025-12-16 09:29:44,997 - 🔹 Strategy parity_short_4H (4H): 32 symbols
2025-12-16 09:29:45,000 - 🔹 Strategy revers_long_1H (1H): 6 symbols
2025-12-16 09:29:45,004 - 🔹 Strategy revers_short_1H (1H): 6 symbols
2025-12-16 09:29:45,007 - 🔹 Strategy revers_long_6Hutc (6Hutc): 15 symbols
2025-12-16 09:29:45,011 - 🔹 Strategy revers_short_6Hutc (6Hutc): 15 symbols
2025-12-16 09:29:45,011 - 
➡️  Detected timeframes: 1H, 4H, 6Hutc
2025-12-16 09:29:45,011 -    🔹 1H: revers_long_1H, revers_short_1H
2025-12-16 09:29:45,011 -    🔹 4H: double_top_long_4H, revers_long_4H, parity_long_4H, revers_short_4H, parity_short_4H
2025-12-16 09:29:45,011 -    🔹 6Hutc: revers_long_6Hutc, revers_short_6Hutc
2025-12-16 09:29:45,011 - 
✅ BOT Initialization completed

2025-12-16 09:29:45,030 - 
2025-12-16 09:29:45,031 - [1;94m========================================================================================================================[0m
2025-12-16 09:29:45,031 - [1;94m📈 STRATEGY ANALYSIS[0m
2025-12-16 09:29:45,031 - [1;94m========================================================================================================================[0m
2025-12-16 09:29:45,042 - [1;85mStrategy          [0m  [1;85mdate_fo   [0m  [1;85m Trades_num[0m  [1;85m Trades_pct[0m  [1;85mTotal_profit[0m  [1;85m Profit_pct[0m  [1;85mTP_pct[0m  [1;85mSL_pct[0m  [1;85mOOM_pct[0m  [1;85mAvg_days[0m
2025-12-16 09:29:45,042 - [0;93mdouble_top_long_4H[0m  2025-12-11            1        100.0  [1;92m         1.9[0m         0.41   100.0     0.0      0.0      0.22
2025-12-16 09:29:45,043 - [0;93mrevers_short_4H   [0m  2025-12-11           24        95.83  [1;92m       40.66[0m         8.86   95.83    4.17      0.0      3.28
2025-12-16 09:29:45,043 - [0;93mparity_short_4H   [0m  2025-12-11           27        92.59  [1;92m       40.06[0m         8.73   92.59    7.41      0.0      3.15
2025-12-16 09:29:45,043 - [0;93mrevers_short_1H   [0m  2025-12-11           19        78.95  [1;92m        7.58[0m         1.65   78.95    5.26      0.0      0.91
2025-12-16 09:29:45,043 - [0;93mrevers_long_1H    [0m  2025-12-11            5         20.0  [1;91m        -7.2[0m        -1.57    20.0     0.0      0.0      1.79
2025-12-16 09:29:45,043 - [0;93mrevers_short_6Hutc[0m  2025-12-12            6        66.67  [1;92m        0.31[0m         0.07   83.33   16.67      0.0      1.66
2025-12-16 09:29:45,043 - [0;93mparity_long_4H    [0m  2025-12-11            1          0.0  [1;91m       -4.05[0m        -0.88     0.0   100.0      0.0      3.25
2025-12-16 09:29:45,043 - [0;93mrevers_long_6Hutc [0m  2025-12-12            4          0.0  [1;91m      -10.62[0m        -2.31     0.0   100.0      0.0      3.47
2025-12-16 09:29:45,043 - 
2025-12-16 09:29:45,044 - [1;94m========================================================================================================================[0m
2025-12-16 09:29:45,044 - [1;94m📊 TOTAL SUMMARY[0m
2025-12-16 09:29:45,044 - [1;94m========================================================================================================================[0m
2025-12-16 09:29:45,044 - [1;94m🧮 Trades_num   :[0m 87
2025-12-16 09:29:45,044 - [1;94m🕜 Avg_duration :[0m 2.5 days
2025-12-16 09:29:45,044 - [1;94m🎯 Trades_pct   :[0m 79.31 %
2025-12-16 09:29:45,044 - [1;94m💱 Profit_pct   :[0m 1.87 %
2025-12-16 09:29:45,044 - 💵 [1;94mTOTAL_profit :[0m [1;92m68.64 $[0m
2025-12-16 09:29:45,044 - [1;94m========================================================================================================================[0m
2025-12-16 09:29:45,044 - 
2025-12-16 09:29:45,044 - 
[1;94mInitializing WebSocket connections...[0m
2025-12-16 09:29:45,792 - 🔌 PRIVATE WebSocket connected (first time)
2025-12-16 09:29:46,001 - 🔌 PUBLIC  WebSocket connected
2025-12-16 09:29:46,792 - 🛜 Subscribing to 5 private channels...
2025-12-16 09:29:46,792 - 🆗 orders
2025-12-16 09:29:46,792 - 🆗 fill
2025-12-16 09:29:46,792 - 🆗 positions
2025-12-16 09:29:46,792 - 🆗 account
2025-12-16 09:29:46,792 - 🆗 equity
2025-12-16 09:29:46,793 - ✅ WebSocket authentication successful
2025-12-16 09:29:50,045 - 📱 WebSocket status:
2025-12-16 09:29:50,045 -    - Public WS    : ✅ Connected
2025-12-16 09:29:50,045 -    - Private WS   : ✅ Connected
2025-12-16 09:29:50,045 -    - Authenticated: ✅ Yes
2025-12-16 09:29:50,045 - 📦 Pre-loading contract info for 33 symbols via API...
2025-12-16 09:30:01,298 - [0;36m✅ Pre-loaded 33/33 contracts[0m
2025-12-16 09:30:01,299 - 
2025-12-16 09:30:01,299 - ⏰ Next candle for 1H    : 2025-12-16 09:00:45 UTC
2025-12-16 09:30:01,299 - ⏰ Next candle for 4H    : 2025-12-16 12:00:45 UTC
2025-12-16 09:30:01,299 - ⏰ Next candle for 6Hutc : 2025-12-16 12:00:45 UTC
