2025-12-03 18:40:08,910 
🚀 === Starting multi-strategy bot... ===
2025-12-03 18:40:08,910 ✅  State loaded: 13 positions recovered
2025-12-03 18:40:08,910    ➡️  double_top_long: 1 positions | Candles: 8
2025-12-03 18:40:08,910       - APTUSDT      | Size: 41.273     | Entry: 1.939339849296150025440360526
2025-12-03 18:40:08,910    ➡️  revers_long: 2 positions | Candles: 6
2025-12-03 18:40:08,910       - SEIUSDT      | Size: 566        | Entry: 0.14128   
2025-12-03 18:40:08,910       - WLDUSDT      | Size: 121        | Entry: 0.6613    
2025-12-03 18:40:08,910    ➡️  parity_long: 3 positions | Candles: 6
2025-12-03 18:40:08,910       - ONDOUSDT     | Size: 155.9      | Entry: 0.514     
2025-12-03 18:40:08,910       - SEIUSDT      | Size: 567        | Entry: 0.14087   
2025-12-03 18:40:08,910       - WLDUSDT      | Size: 120        | Entry: 0.6619    
2025-12-03 18:40:08,910    ➡️  revers_short: 2 positions | Candles: 2
2025-12-03 18:40:08,910       - FORMUSDT     | Size: 220        | Entry: 0.3621681818181818181818181818
2025-12-03 18:40:08,910       - TAOUSDT      | Size: 0.279      | Entry: 285.87    
2025-12-03 18:40:08,910    ➡️  parity_short: 5 positions | Candles: 2
2025-12-03 18:40:08,910       - APTUSDT      | Size: 39.767     | Entry: 2.0105    
2025-12-03 18:40:08,910       - FORMUSDT     | Size: 220        | Entry: 0.3619681818181818181818181818
2025-12-03 18:40:08,910       - NEARUSDT     | Size: 44         | Entry: 1.8161    
2025-12-03 18:40:08,910       - TAOUSDT      | Size: 0.279      | Entry: 285.69    
2025-12-03 18:40:08,910       - ZENUSDT      | Size: 8.5        | Entry: 9.344     
2025-12-03 18:40:08,958 
2025-12-03 18:40:08,958 [1;94m===================================================================================================================[0m
2025-12-03 18:40:08,958 [1;94m📈 STRATEGY ANALYSIS[0m
2025-12-03 18:40:08,958 [1;94m===================================================================================================================[0m
2025-12-03 18:40:08,963 [1;85mStrategy       [0m  [1;85mdate_fo   [0m  [1;85m Trades_num[0m  [1;85m Trades_pct[0m  [1;85mTotal_profit[0m  [1;85m Profit_pct[0m  [1;85mTP_pct[0m  [1;85mSL_pct[0m  [1;85mOOM_pct[0m  [1;85mAvg_days[0m
2025-12-03 18:40:08,963 [0;93mparity_short   [0m  2025-11-24           18        66.67  [1;92m         9.8[0m         1.22   66.67     0.0    22.22      5.55
2025-12-03 18:40:08,963 [0;93mparity_long    [0m  2025-11-24           19        84.21  [1;92m       13.34[0m         1.67   84.21     0.0    15.79      1.71
2025-12-03 18:40:08,963 [0;93mrevers_long    [0m  2025-11-24           14        78.57  [1;92m        1.97[0m         0.25   78.57     0.0    21.43      2.09
2025-12-03 18:40:08,963 [0;93mrevers_short   [0m  2025-11-24            7        42.86  [1;91m       -9.23[0m        -1.15   42.86     0.0    14.29       6.9
2025-12-03 18:40:08,963 [0;93mdouble_top_long[0m  2025-11-27           15        26.67  [1;91m      -72.08[0m        -9.01   26.67     0.0    73.33      2.79
2025-12-03 18:40:08,963 
2025-12-03 18:40:08,963 [1;94m===================================================================================================================[0m
2025-12-03 18:40:08,963 [1;94m📊 TOTAL SUMMARY[0m
2025-12-03 18:40:08,963 [1;94m===================================================================================================================[0m
2025-12-03 18:40:08,963 [1;94m🧮 Trades_num   :[0m 73
2025-12-03 18:40:08,963 [1;94m🕜 Avg_duration :[0m 3.4 days
2025-12-03 18:40:08,963 [1;94m🎯 Trades_pct   :[0m 63.01 %
2025-12-03 18:40:08,963 [1;94m💱 Profit_pct   :[0m -1.41 %
2025-12-03 18:40:08,964 ⭕ [1;94mTOTAL_profit :[0m [1;91m-56.20 $[0m
2025-12-03 18:40:08,964 [1;94m===================================================================================================================[0m
2025-12-03 18:40:08,964 
2025-12-03 18:40:12,334 🔹 Strategy double_top_long: 32 symbols
2025-12-03 18:40:12,336 🔹 Strategy revers_long: 32 symbols
2025-12-03 18:40:12,339 🔹 Strategy parity_long: 32 symbols
2025-12-03 18:40:12,341 🔹 Strategy revers_short: 32 symbols
2025-12-03 18:40:12,343 🔹 Strategy parity_short: 32 symbols
2025-12-03 18:40:12,343 ✅ BOT Initialization completed

2025-12-03 19:24:58,084 
🔚 Interrupted by user.
2025-12-03 19:24:58,093 ⛔ BOT Stopped
2025-12-03 19:25:04,387 
🚀 === Starting multi-strategy bot... ===
2025-12-03 19:25:04,387 ✅  State loaded: 13 positions recovered
2025-12-03 19:25:04,387    ➡️  double_top_long: 1 positions | Candles: 8
2025-12-03 19:25:04,387       - APTUSDT      | Size: 41.273     | Entry: 1.939339849296150025440360526
2025-12-03 19:25:04,387    ➡️  revers_long: 2 positions | Candles: 6
2025-12-03 19:25:04,387       - SEIUSDT      | Size: 566        | Entry: 0.14128   
2025-12-03 19:25:04,387       - WLDUSDT      | Size: 121        | Entry: 0.6613    
2025-12-03 19:25:04,387    ➡️  parity_long: 3 positions | Candles: 6
2025-12-03 19:25:04,387       - ONDOUSDT     | Size: 155.9      | Entry: 0.514     
2025-12-03 19:25:04,387       - SEIUSDT      | Size: 567        | Entry: 0.14087   
2025-12-03 19:25:04,387       - WLDUSDT      | Size: 120        | Entry: 0.6619    
2025-12-03 19:25:04,388    ➡️  revers_short: 2 positions | Candles: 2
2025-12-03 19:25:04,388       - FORMUSDT     | Size: 220        | Entry: 0.3621681818181818181818181818
2025-12-03 19:25:04,388       - TAOUSDT      | Size: 0.279      | Entry: 285.87    
2025-12-03 19:25:04,388    ➡️  parity_short: 5 positions | Candles: 2
2025-12-03 19:25:04,388       - APTUSDT      | Size: 39.767     | Entry: 2.0105    
2025-12-03 19:25:04,388       - FORMUSDT     | Size: 220        | Entry: 0.3619681818181818181818181818
2025-12-03 19:25:04,388       - NEARUSDT     | Size: 44         | Entry: 1.8161    
2025-12-03 19:25:04,388       - TAOUSDT      | Size: 0.279      | Entry: 285.69    
2025-12-03 19:25:04,388       - ZENUSDT      | Size: 8.5        | Entry: 9.344     
2025-12-03 19:25:04,437 
2025-12-03 19:25:04,437 [1;94m===================================================================================================================[0m
2025-12-03 19:25:04,438 [1;94m📈 STRATEGY ANALYSIS[0m
2025-12-03 19:25:04,438 [1;94m===================================================================================================================[0m
2025-12-03 19:25:04,442 [1;85mStrategy       [0m  [1;85mdate_fo   [0m  [1;85m Trades_num[0m  [1;85m Trades_pct[0m  [1;85mTotal_profit[0m  [1;85m Profit_pct[0m  [1;85mTP_pct[0m  [1;85mSL_pct[0m  [1;85mOOM_pct[0m  [1;85mAvg_days[0m
2025-12-03 19:25:04,442 [0;93mparity_short   [0m  2025-11-24           18        66.67  [1;92m         9.8[0m         1.22   66.67     0.0    22.22      5.55
2025-12-03 19:25:04,442 [0;93mparity_long    [0m  2025-11-24           19        84.21  [1;92m       13.34[0m         1.67   84.21     0.0    15.79      1.71
2025-12-03 19:25:04,442 [0;93mrevers_long    [0m  2025-11-24           14        78.57  [1;92m        1.97[0m         0.25   78.57     0.0    21.43      2.09
2025-12-03 19:25:04,442 [0;93mrevers_short   [0m  2025-11-24            7        42.86  [1;91m       -9.23[0m        -1.15   42.86     0.0    14.29       6.9
2025-12-03 19:25:04,442 [0;93mdouble_top_long[0m  2025-11-27           15        26.67  [1;91m      -72.08[0m        -9.01   26.67     0.0    73.33      2.79
2025-12-03 19:25:04,442 
2025-12-03 19:25:04,442 [1;94m===================================================================================================================[0m
2025-12-03 19:25:04,442 [1;94m📊 TOTAL SUMMARY[0m
2025-12-03 19:25:04,442 [1;94m===================================================================================================================[0m
2025-12-03 19:25:04,442 [1;94m🧮 Trades_num   :[0m 73
2025-12-03 19:25:04,442 [1;94m🕜 Avg_duration :[0m 3.4 days
2025-12-03 19:25:04,442 [1;94m🎯 Trades_pct   :[0m 63.01 %
2025-12-03 19:25:04,442 [1;94m💱 Profit_pct   :[0m -1.41 %
2025-12-03 19:25:04,442 ⭕ [1;94mTOTAL_profit :[0m [1;91m-56.20 $[0m
2025-12-03 19:25:04,443 [1;94m===================================================================================================================[0m
2025-12-03 19:25:04,443 
2025-12-03 19:25:07,736 🔹 Strategy double_top_long: 32 symbols
2025-12-03 19:25:07,740 🔹 Strategy revers_long: 32 symbols
2025-12-03 19:25:07,742 🔹 Strategy parity_long: 32 symbols
2025-12-03 19:25:07,745 🔹 Strategy revers_short: 32 symbols
2025-12-03 19:25:07,747 🔹 Strategy parity_short: 32 symbols
2025-12-03 19:25:07,747 ✅ BOT Initialization completed

2025-12-03 20:05:54,205 
🔚 Interrupted by user.
2025-12-03 20:05:54,213 ⛔ BOT Stopped
2025-12-03 20:05:59,589 
🚀 === Starting multi-strategy bot... ===
2025-12-03 20:05:59,589 ✅  State loaded: 13 positions recovered
2025-12-03 20:05:59,589    ➡️  double_top_long: 1 positions | Candles: 8
2025-12-03 20:05:59,589       - APTUSDT      | Size: 41.273     | Entry: 1.939339849296150025440360526
2025-12-03 20:05:59,589    ➡️  revers_long: 2 positions | Candles: 6
2025-12-03 20:05:59,589       - SEIUSDT      | Size: 566        | Entry: 0.14128   
2025-12-03 20:05:59,589       - WLDUSDT      | Size: 121        | Entry: 0.6613    
2025-12-03 20:05:59,589    ➡️  parity_long: 3 positions | Candles: 6
2025-12-03 20:05:59,589       - ONDOUSDT     | Size: 155.9      | Entry: 0.514     
2025-12-03 20:05:59,589       - SEIUSDT      | Size: 567        | Entry: 0.14087   
2025-12-03 20:05:59,589       - WLDUSDT      | Size: 120        | Entry: 0.6619    
2025-12-03 20:05:59,589    ➡️  revers_short: 2 positions | Candles: 2
2025-12-03 20:05:59,589       - FORMUSDT     | Size: 220        | Entry: 0.3621681818181818181818181818
2025-12-03 20:05:59,589       - TAOUSDT      | Size: 0.279      | Entry: 285.87    
2025-12-03 20:05:59,589    ➡️  parity_short: 5 positions | Candles: 2
2025-12-03 20:05:59,589       - APTUSDT      | Size: 39.767     | Entry: 2.0105    
2025-12-03 20:05:59,589       - FORMUSDT     | Size: 220        | Entry: 0.3619681818181818181818181818
2025-12-03 20:05:59,589       - NEARUSDT     | Size: 44         | Entry: 1.8161    
2025-12-03 20:05:59,589       - TAOUSDT      | Size: 0.279      | Entry: 285.69    
2025-12-03 20:05:59,589       - ZENUSDT      | Size: 8.5        | Entry: 9.344     
2025-12-03 20:05:59,637 
2025-12-03 20:05:59,637 [1;94m===================================================================================================================[0m
2025-12-03 20:05:59,637 [1;94m📈 STRATEGY ANALYSIS[0m
2025-12-03 20:05:59,637 [1;94m===================================================================================================================[0m
2025-12-03 20:05:59,641 [1;85mStrategy       [0m  [1;85mdate_fo   [0m  [1;85m Trades_num[0m  [1;85m Trades_pct[0m  [1;85mTotal_profit[0m  [1;85m Profit_pct[0m  [1;85mTP_pct[0m  [1;85mSL_pct[0m  [1;85mOOM_pct[0m  [1;85mAvg_days[0m
2025-12-03 20:05:59,641 [0;93mparity_short   [0m  2025-11-24           18        66.67  [1;92m         9.8[0m         1.22   66.67     0.0    22.22      5.55
2025-12-03 20:05:59,642 [0;93mparity_long    [0m  2025-11-24           19        84.21  [1;92m       13.34[0m         1.67   84.21     0.0    15.79      1.71
2025-12-03 20:05:59,642 [0;93mrevers_long    [0m  2025-11-24           14        78.57  [1;92m        1.97[0m         0.25   78.57     0.0    21.43      2.09
2025-12-03 20:05:59,642 [0;93mrevers_short   [0m  2025-11-24            7        42.86  [1;91m       -9.23[0m        -1.15   42.86     0.0    14.29       6.9
2025-12-03 20:05:59,642 [0;93mdouble_top_long[0m  2025-11-27           15        26.67  [1;91m      -72.08[0m        -9.01   26.67     0.0    73.33      2.79
2025-12-03 20:05:59,642 
2025-12-03 20:05:59,642 [1;94m===================================================================================================================[0m
2025-12-03 20:05:59,642 [1;94m📊 TOTAL SUMMARY[0m
2025-12-03 20:05:59,642 [1;94m===================================================================================================================[0m
2025-12-03 20:05:59,642 [1;94m🧮 Trades_num   :[0m 73
2025-12-03 20:05:59,642 [1;94m🕜 Avg_duration :[0m 3.4 days
2025-12-03 20:05:59,642 [1;94m🎯 Trades_pct   :[0m 63.01 %
2025-12-03 20:05:59,642 [1;94m💱 Profit_pct   :[0m -1.41 %
2025-12-03 20:05:59,642 ⭕ [1;94mTOTAL_profit :[0m [1;91m-56.20 $[0m
2025-12-03 20:05:59,642 [1;94m===================================================================================================================[0m
2025-12-03 20:05:59,642 
2025-12-03 20:06:03,117 🔹 Strategy double_top_long: 32 symbols
2025-12-03 20:06:03,120 🔹 Strategy revers_long: 32 symbols
2025-12-03 20:06:03,131 🔹 Strategy parity_long: 32 symbols
2025-12-03 20:06:03,134 🔹 Strategy revers_short: 32 symbols
2025-12-03 20:06:03,136 🔹 Strategy parity_short: 32 symbols
2025-12-03 20:06:03,136 ✅ BOT Initialization completed

2025-12-03 21:00:49,154 
===================================================================================================================
2025-12-03 21:00:49,162 🔀 === New candle detected ===: 2025-12-03 20:00:49 UTC
2025-12-03 21:00:49,171 ===================================================================================================================
2025-12-03 21:00:49,178 🌐 Syncronizing positions in broker...
2025-12-03 21:00:54,924 ✅ Sync completed: All positions exist in broker
2025-12-03 21:00:54,940 

2025-12-03 21:00:54,948 📡 Signal search - 2025-12-03 20:00:54
2025-12-03 21:00:54,956 -------------------------------------------------------------------------------------------------------------------
2025-12-03 21:00:54,964 ➡️  double_top_long: 9/50 candles
2025-12-03 21:00:54,972 ➡️  revers_long: 7/50 candles
2025-12-03 21:00:54,980 ➡️  parity_long: 7/50 candles
2025-12-03 21:00:54,988 ➡️  revers_short: 3/50 candles
2025-12-03 21:00:54,996 ➡️  parity_short: 3/50 candles
2025-12-03 21:00:55,004 🚫 Skipping signal search for double_top_long (it has 1 open positions)
2025-12-03 21:00:55,011 🚫 Skipping signal search for revers_long (it has 2 open positions)
2025-12-03 21:00:55,019 🚫 Skipping signal search for parity_long (it has 3 open positions)
2025-12-03 21:00:55,026 🚫 Skipping signal search for revers_short (it has 2 open positions)
2025-12-03 21:00:55,034 🚫 Skipping signal search for parity_short (it has 5 open positions)
2025-12-03 21:00:55,049 
===================================================================================================================
2025-12-03 21:00:55,057 🔂 Signal cycle completed
2025-12-03 21:00:55,072 ===================================================================================================================

2025-12-03 21:11:31,405 
🔚 Interrupted by user.
2025-12-03 21:11:31,419 ⛔ BOT Stopped
2025-12-03 21:11:37,633 
🚀 === Starting multi-strategy bot... ===
2025-12-03 21:11:37,633 ✅  State loaded: 13 positions recovered
2025-12-03 21:11:37,633    ➡️  double_top_long: 1 positions | Candles: 9
2025-12-03 21:11:37,633       - APTUSDT      | Size: 41.273     | Entry: 1.939339849296150025440360526
2025-12-03 21:11:37,633    ➡️  revers_long: 2 positions | Candles: 7
2025-12-03 21:11:37,633       - SEIUSDT      | Size: 566        | Entry: 0.14128   
2025-12-03 21:11:37,633       - WLDUSDT      | Size: 121        | Entry: 0.6613    
2025-12-03 21:11:37,634    ➡️  parity_long: 3 positions | Candles: 7
2025-12-03 21:11:37,634       - ONDOUSDT     | Size: 155.9      | Entry: 0.514     
2025-12-03 21:11:37,634       - SEIUSDT      | Size: 567        | Entry: 0.14087   
2025-12-03 21:11:37,634       - WLDUSDT      | Size: 120        | Entry: 0.6619    
2025-12-03 21:11:37,634    ➡️  revers_short: 2 positions | Candles: 3
2025-12-03 21:11:37,634       - FORMUSDT     | Size: 220        | Entry: 0.3621681818181818181818181818
2025-12-03 21:11:37,634       - TAOUSDT      | Size: 0.279      | Entry: 285.87    
2025-12-03 21:11:37,634    ➡️  parity_short: 5 positions | Candles: 3
2025-12-03 21:11:37,634       - APTUSDT      | Size: 39.767     | Entry: 2.0105    
2025-12-03 21:11:37,634       - FORMUSDT     | Size: 220        | Entry: 0.3619681818181818181818181818
2025-12-03 21:11:37,634       - NEARUSDT     | Size: 44         | Entry: 1.8161    
2025-12-03 21:11:37,634       - TAOUSDT      | Size: 0.279      | Entry: 285.69    
2025-12-03 21:11:37,634       - ZENUSDT      | Size: 8.5        | Entry: 9.344     
2025-12-03 21:11:41,143 🔹 Strategy double_top_long: 32 symbols
2025-12-03 21:11:41,147 🔹 Strategy revers_long: 32 symbols
2025-12-03 21:11:41,151 🔹 Strategy parity_long: 32 symbols
2025-12-03 21:11:41,155 🔹 Strategy revers_short: 32 symbols
2025-12-03 21:11:41,159 🔹 Strategy parity_short: 32 symbols
2025-12-03 21:11:41,159 ✅ BOT Initialization completed

2025-12-03 21:11:41,175 
2025-12-03 21:11:41,175 [1;94m===================================================================================================================[0m
2025-12-03 21:11:41,175 [1;94m📈 STRATEGY ANALYSIS[0m
2025-12-03 21:11:41,175 [1;94m===================================================================================================================[0m
2025-12-03 21:11:41,182 [1;85mStrategy       [0m  [1;85mdate_fo   [0m  [1;85m Trades_num[0m  [1;85m Trades_pct[0m  [1;85mTotal_profit[0m  [1;85m Profit_pct[0m  [1;85mTP_pct[0m  [1;85mSL_pct[0m  [1;85mOOM_pct[0m  [1;85mAvg_days[0m
2025-12-03 21:11:41,182 [0;93mparity_short   [0m  2025-11-24           18        66.67  [1;92m         9.8[0m         1.22   66.67     0.0    22.22      5.55
2025-12-03 21:11:41,182 [0;93mparity_long    [0m  2025-11-24           19        84.21  [1;92m       13.34[0m         1.67   84.21     0.0    15.79      1.71
2025-12-03 21:11:41,182 [0;93mrevers_long    [0m  2025-11-24           14        78.57  [1;92m        1.97[0m         0.25   78.57     0.0    21.43      2.09
2025-12-03 21:11:41,182 [0;93mrevers_short   [0m  2025-11-24            7        42.86  [1;91m       -9.23[0m        -1.15   42.86     0.0    14.29       6.9
2025-12-03 21:11:41,182 [0;93mdouble_top_long[0m  2025-11-27           15        26.67  [1;91m      -72.08[0m        -9.01   26.67     0.0    73.33      2.79
2025-12-03 21:11:41,183 
2025-12-03 21:11:41,183 [1;94m===================================================================================================================[0m
2025-12-03 21:11:41,183 [1;94m📊 TOTAL SUMMARY[0m
2025-12-03 21:11:41,183 [1;94m===================================================================================================================[0m
2025-12-03 21:11:41,183 [1;94m🧮 Trades_num   :[0m 73
2025-12-03 21:11:41,183 [1;94m🕜 Avg_duration :[0m 3.4 days
2025-12-03 21:11:41,183 [1;94m🎯 Trades_pct   :[0m 63.01 %
2025-12-03 21:11:41,183 [1;94m💱 Profit_pct   :[0m -1.41 %
2025-12-03 21:11:41,183 ⭕ [1;94mTOTAL_profit :[0m [1;91m-56.20 $[0m
2025-12-03 21:11:41,183 [1;94m===================================================================================================================[0m
2025-12-03 21:11:41,183 
2025-12-03 21:22:43,283 
🚀 === Starting multi-strategy bot... ===
2025-12-03 21:22:43,284 ✅  State loaded: 13 positions recovered
2025-12-03 21:22:43,284    ➡️  double_top_long: 1 positions | Candles: 9
2025-12-03 21:22:43,284       - APTUSDT      | Size: 41.273     | Entry: 1.939339849296150025440360526
2025-12-03 21:22:43,285    ➡️  revers_long: 2 positions | Candles: 7
2025-12-03 21:22:43,285       - SEIUSDT      | Size: 566        | Entry: 0.14128   
2025-12-03 21:22:43,285       - WLDUSDT      | Size: 121        | Entry: 0.6613    
2025-12-03 21:22:43,285    ➡️  parity_long: 3 positions | Candles: 7
2025-12-03 21:22:43,286       - ONDOUSDT     | Size: 155.9      | Entry: 0.514     
2025-12-03 21:22:43,286       - SEIUSDT      | Size: 567        | Entry: 0.14087   
2025-12-03 21:22:43,286       - WLDUSDT      | Size: 120        | Entry: 0.6619    
2025-12-03 21:22:43,286    ➡️  revers_short: 2 positions | Candles: 3
2025-12-03 21:22:43,286       - FORMUSDT     | Size: 220        | Entry: 0.3621681818181818181818181818
2025-12-03 21:22:43,287       - TAOUSDT      | Size: 0.279      | Entry: 285.87    
2025-12-03 21:22:43,287    ➡️  parity_short: 5 positions | Candles: 3
2025-12-03 21:22:43,287       - APTUSDT      | Size: 39.767     | Entry: 2.0105    
2025-12-03 21:22:43,288       - FORMUSDT     | Size: 220        | Entry: 0.3619681818181818181818181818
2025-12-03 21:22:43,288       - NEARUSDT     | Size: 44         | Entry: 1.8161    
2025-12-03 21:22:43,289       - TAOUSDT      | Size: 0.279      | Entry: 285.69    
2025-12-03 21:22:43,289       - ZENUSDT      | Size: 8.5        | Entry: 9.344     
2025-12-04 00:02:00,414 
💲 TP REACHED for APTUSDT (double_top_long)
2025-12-04 00:02:00,421 →  Closing long position on APTUSDT:
2025-12-04 00:02:00,911 ✅ Position closed due to TP: APTUSDT | Size: 41.273
2025-12-04 00:02:01,443 📋 Trade logged: APTUSDT | Profit: 4.12 USDT (+5.14%) | Duration: 1.6673 days
2025-12-04 00:02:01,461 
2025-12-04 00:02:01,469 [1;94m===================================================================================================================[0m
2025-12-04 00:02:01,477 [1;94m📈 STRATEGY ANALYSIS[0m
2025-12-04 00:02:01,484 [1;94m===================================================================================================================[0m
2025-12-04 00:02:01,497 [1;85mStrategy       [0m  [1;85mdate_fo   [0m  [1;85m Trades_num[0m  [1;85m Trades_pct[0m  [1;85mTotal_profit[0m  [1;85m Profit_pct[0m  [1;85mTP_pct[0m  [1;85mSL_pct[0m  [1;85mOOM_pct[0m  [1;85mAvg_days[0m
2025-12-04 00:02:01,505 [0;93mparity_short   [0m  2025-11-24           18        66.67  [1;92m         9.8[0m         1.22   66.67     0.0    22.22      5.55
2025-12-04 00:02:01,513 [0;93mparity_long    [0m  2025-11-24           19        84.21  [1;92m       13.34[0m         1.67   84.21     0.0    15.79      1.71
2025-12-04 00:02:01,520 [0;93mrevers_long    [0m  2025-11-24           14        78.57  [1;92m        1.97[0m         0.25   78.57     0.0    21.43      2.09
2025-12-04 00:02:01,528 [0;93mrevers_short   [0m  2025-11-24            7        42.86  [1;91m       -9.23[0m        -1.15   42.86     0.0    14.29       6.9
2025-12-04 00:02:01,536 [0;93mdouble_top_long[0m  2025-11-27           16        31.25  [1;91m      -67.96[0m        -8.49   31.25     0.0    68.75      2.72
2025-12-04 00:02:01,544 
2025-12-04 00:02:01,551 [1;94m===================================================================================================================[0m
2025-12-04 00:02:01,559 [1;94m📊 TOTAL SUMMARY[0m
2025-12-04 00:02:01,566 [1;94m===================================================================================================================[0m
2025-12-04 00:02:01,581 [1;94m🧮 Trades_num   :[0m 74
2025-12-04 00:02:01,589 [1;94m🕜 Avg_duration :[0m 3.4 days
2025-12-04 00:02:01,596 [1;94m🎯 Trades_pct   :[0m 63.51 %
2025-12-04 00:02:01,603 [1;94m💱 Profit_pct   :[0m -1.30 %
2025-12-04 00:02:01,611 ⭕ [1;94mTOTAL_profit :[0m [1;91m-52.08 $[0m
2025-12-04 00:02:01,618 [1;94m===================================================================================================================[0m
2025-12-04 00:02:01,625 
2025-12-04 01:00:45,394 
===================================================================================================================
2025-12-04 01:00:45,401 🔀 === New candle detected ===: 2025-12-04 00:00:45 UTC
2025-12-04 01:00:45,407 ===================================================================================================================
2025-12-04 01:00:45,413 🌐 Syncronizing positions in broker...
2025-12-04 01:00:50,319 ✅ Sync completed: All positions exist in broker
2025-12-04 01:00:50,333 

2025-12-04 01:00:50,340 📡 Signal search - 2025-12-04 00:00:50
2025-12-04 01:00:50,354 -------------------------------------------------------------------------------------------------------------------
2025-12-04 01:00:50,362 ➡️  revers_long: 8/50 candles
2025-12-04 01:00:50,369 ➡️  parity_long: 8/50 candles
2025-12-04 01:00:50,376 ➡️  revers_short: 4/50 candles
2025-12-04 01:00:50,384 ➡️  parity_short: 4/50 candles
2025-12-04 01:00:50,397 
🔄 Processing strategy: double_top_long
2025-12-04 01:01:00,924 ✨ Signals detected for double_top_long: 11
2025-12-04 01:01:01,240 ➡ Opening long on 1000BONKUSDT for double_top_long...
2025-12-04 01:01:02,257 ✅ ⬆️ Long   1000BONKUSDT | Size: 7968     | Price: 0.010039  
2025-12-04 01:01:03,269 ➡ Opening long on ADAUSDT for double_top_long...
2025-12-04 01:01:04,500 ✅ ⬆️ Long   ADAUSDT    | Size: 177      | Price: 0.4499    
2025-12-04 01:01:05,418 ➡ Opening long on APTUSDT for double_top_long...
2025-12-04 01:01:06,447 ✅ ⬆️ Long   APTUSDT    | Size: 39.611   | Price: 2.0196    
2025-12-04 01:01:07,467 ➡ Opening long on AVAXUSDT for double_top_long...
2025-12-04 01:01:08,473 ✅ ⬆️ Long   AVAXUSDT   | Size: 5.4      | Price: 14.809    
2025-12-04 01:01:09,347 ➡ Opening long on DOTUSDT for double_top_long...
2025-12-04 01:01:10,443 ✅ ⬆️ Long   DOTUSDT    | Size: 33       | Price: 2.366     
2025-12-04 01:01:11,333 ➡ Opening long on ENAUSDT for double_top_long...
2025-12-04 01:01:12,392 ✅ ⬆️ Long   ENAUSDT    | Size: 268      | Price: 0.2974    
2025-12-04 01:01:13,263 ➡ Opening long on ETHUSDT for double_top_long...
2025-12-04 01:01:14,431 ✅ ⬆️ Long   ETHUSDT    | Size: 0.02     | Price: 3184.98   
2025-12-04 01:01:15,352 ➡ Opening long on FARTCOINUSDT for double_top_long...
2025-12-04 01:01:16,381 ✅ ⬆️ Long   FARTCOINUSDT | Size: 230.0    | Price: 0.3478    
2025-12-04 01:01:17,256 ➡ Opening long on SOLUSDT for double_top_long...
2025-12-04 01:01:18,250 ✅ ⬆️ Long   SOLUSDT    | Size: 0.5      | Price: 144.739   
2025-12-04 01:01:19,243 ➡ Opening long on SUIUSDT for double_top_long...
2025-12-04 01:01:20,337 ✅ ⬆️ Long   SUIUSDT    | Size: 47.2     | Price: 1.692     
2025-12-04 01:01:21,208 ➡ Opening long on WLDUSDT for double_top_long...
2025-12-04 01:01:22,526 ✅ ⬆️ Long   WLDUSDT    | Size: 126      | Price: 0.6345    
2025-12-04 01:01:23,142 🚫 Skipping signal search for revers_long (it has 2 open positions)
2025-12-04 01:01:23,150 🚫 Skipping signal search for parity_long (it has 3 open positions)
2025-12-04 01:01:23,159 🚫 Skipping signal search for revers_short (it has 2 open positions)
2025-12-04 01:01:23,166 🚫 Skipping signal search for parity_short (it has 5 open positions)
2025-12-04 01:01:23,180 
===================================================================================================================
2025-12-04 01:01:23,187 🔂 Signal cycle completed
2025-12-04 01:01:23,201 ===================================================================================================================

2025-12-04 02:15:34,026 
💲 TP REACHED for FARTCOINUSDT (double_top_long)
2025-12-04 02:15:34,037 →  Closing long position on FARTCOINUSDT:
2025-12-04 02:15:34,514 ✅ Position closed due to TP: FARTCOINUSDT | Size: 230
2025-12-04 02:15:35,060 📋 Trade logged: FARTCOINUSDT | Profit: 4.09 USDT (+5.11%) | Duration: 0.0933 days
2025-12-04 02:15:35,082 
2025-12-04 02:15:35,094 [1;94m===================================================================================================================[0m
2025-12-04 02:15:35,106 [1;94m📈 STRATEGY ANALYSIS[0m
2025-12-04 02:15:35,118 [1;94m===================================================================================================================[0m
2025-12-04 02:15:35,135 [1;85mStrategy       [0m  [1;85mdate_fo   [0m  [1;85m Trades_num[0m  [1;85m Trades_pct[0m  [1;85mTotal_profit[0m  [1;85m Profit_pct[0m  [1;85mTP_pct[0m  [1;85mSL_pct[0m  [1;85mOOM_pct[0m  [1;85mAvg_days[0m
2025-12-04 02:15:35,148 [0;93mparity_short   [0m  2025-11-24           18        66.67  [1;92m         9.8[0m         1.22   66.67     0.0    22.22      5.55
2025-12-04 02:15:35,160 [0;93mparity_long    [0m  2025-11-24           19        84.21  [1;92m       13.34[0m         1.67   84.21     0.0    15.79      1.71
2025-12-04 02:15:35,173 [0;93mrevers_long    [0m  2025-11-24           14        78.57  [1;92m        1.97[0m         0.25   78.57     0.0    21.43      2.09
2025-12-04 02:15:35,185 [0;93mrevers_short   [0m  2025-11-24            7        42.86  [1;91m       -9.23[0m        -1.15   42.86     0.0    14.29       6.9
2025-12-04 02:15:35,196 [0;93mdouble_top_long[0m  2025-11-27           17        35.29  [1;91m      -63.87[0m        -7.98   35.29     0.0    64.71      2.57
2025-12-04 02:15:35,209 
2025-12-04 02:15:35,221 [1;94m===================================================================================================================[0m
2025-12-04 02:15:35,234 [1;94m📊 TOTAL SUMMARY[0m
2025-12-04 02:15:35,246 [1;94m===================================================================================================================[0m
2025-12-04 02:15:35,258 [1;94m🧮 Trades_num   :[0m 75
2025-12-04 02:15:35,270 [1;94m🕜 Avg_duration :[0m 3.4 days
2025-12-04 02:15:35,282 [1;94m🎯 Trades_pct   :[0m 64.00 %
2025-12-04 02:15:35,294 [1;94m💱 Profit_pct   :[0m -1.20 %
2025-12-04 02:15:35,306 ⭕ [1;94mTOTAL_profit :[0m [1;91m-47.99 $[0m
2025-12-04 02:15:35,329 [1;94m===================================================================================================================[0m
2025-12-04 02:15:35,341 
2025-12-04 05:00:45,871 
===================================================================================================================
2025-12-04 05:00:45,883 🔀 === New candle detected ===: 2025-12-04 04:00:45 UTC
2025-12-04 05:00:45,895 ===================================================================================================================
2025-12-04 05:00:45,906 🌐 Syncronizing positions in broker...
2025-12-04 05:00:55,548 ✅ Sync completed: All positions exist in broker
2025-12-04 05:00:55,570 

2025-12-04 05:00:55,581 📡 Signal search - 2025-12-04 04:00:55
2025-12-04 05:00:55,592 -------------------------------------------------------------------------------------------------------------------
2025-12-04 05:00:55,604 ➡️  double_top_long: 1/50 candles
2025-12-04 05:00:55,615 ➡️  revers_long: 9/50 candles
2025-12-04 05:00:55,627 ➡️  parity_long: 9/50 candles
2025-12-04 05:00:55,639 ➡️  revers_short: 5/50 candles
2025-12-04 05:00:55,650 ➡️  parity_short: 5/50 candles
2025-12-04 05:00:55,662 🚫 Skipping signal search for double_top_long (it has 10 open positions)
2025-12-04 05:00:55,673 🚫 Skipping signal search for revers_long (it has 2 open positions)
2025-12-04 05:00:55,684 🚫 Skipping signal search for parity_long (it has 3 open positions)
2025-12-04 05:00:55,695 🚫 Skipping signal search for revers_short (it has 2 open positions)
2025-12-04 05:00:55,707 🚫 Skipping signal search for parity_short (it has 5 open positions)
2025-12-04 05:00:55,729 
===================================================================================================================
2025-12-04 05:00:55,741 🔂 Signal cycle completed
2025-12-04 05:00:55,812 ===================================================================================================================

2025-12-04 09:00:52,630 
===================================================================================================================
2025-12-04 09:00:52,642 🔀 === New candle detected ===: 2025-12-04 08:00:52 UTC
2025-12-04 09:00:52,653 ===================================================================================================================
2025-12-04 09:00:52,664 🌐 Syncronizing positions in broker...
2025-12-04 09:01:02,360 ✅ Sync completed: All positions exist in broker
2025-12-04 09:01:02,386 

2025-12-04 09:01:02,411 📡 Signal search - 2025-12-04 08:01:02
2025-12-04 09:01:02,422 -------------------------------------------------------------------------------------------------------------------
2025-12-04 09:01:02,435 ➡️  double_top_long: 2/50 candles
2025-12-04 09:01:02,447 ➡️  revers_long: 10/50 candles
2025-12-04 09:01:02,459 ➡️  parity_long: 10/50 candles
2025-12-04 09:01:02,471 ➡️  revers_short: 6/50 candles
2025-12-04 09:01:02,483 ➡️  parity_short: 6/50 candles
2025-12-04 09:01:02,495 🚫 Skipping signal search for double_top_long (it has 10 open positions)
2025-12-04 09:01:02,507 🚫 Skipping signal search for revers_long (it has 2 open positions)
2025-12-04 09:01:02,518 🚫 Skipping signal search for parity_long (it has 3 open positions)
2025-12-04 09:01:02,530 🚫 Skipping signal search for revers_short (it has 2 open positions)
2025-12-04 09:01:02,542 🚫 Skipping signal search for parity_short (it has 5 open positions)
2025-12-04 09:01:02,566 
===================================================================================================================
2025-12-04 09:01:02,578 🔂 Signal cycle completed
2025-12-04 09:01:02,601 ===================================================================================================================

2025-12-04 10:38:49,467 
🔻 SL REACHED for TAOUSDT (parity_short)
2025-12-04 10:38:49,479 →  Closing short position on TAOUSDT:
2025-12-04 10:38:49,956 🔔 No closing position available TAOUSDT: {'code': '22002', 'msg': 'No position to close', 'requestTime': 1764841129668, 'data': None}
2025-12-04 10:38:49,967    → Removing from local record (nonexistent position)
2025-12-04 10:38:50,435 📋 Trade logged: TAOUSDT | Profit: -8.05 USDT (-10.10%) | Duration: 1.1093 days
2025-12-04 10:39:18,647 
🔻 SL REACHED for TAOUSDT (revers_short)
2025-12-04 10:39:18,673 →  Closing short position on TAOUSDT:
2025-12-04 10:39:19,141 🔔 No closing position available TAOUSDT: {'code': '22002', 'msg': 'No position to close', 'requestTime': 1764841158844, 'data': None}
2025-12-04 10:39:19,153    → Removing from local record (nonexistent position)
2025-12-04 10:39:19,478 📋 Trade logged: TAOUSDT | Profit: -8.05 USDT (-10.09%) | Duration: 1.1098 days
2025-12-04 12:33:21,797 🔔 No price for ONDOUSDT
2025-12-04 13:00:45,420 
===================================================================================================================
2025-12-04 13:00:45,430 🔀 === New candle detected ===: 2025-12-04 12:00:45 UTC
2025-12-04 13:00:45,441 ===================================================================================================================
2025-12-04 13:00:45,451 🌐 Syncronizing positions in broker...
2025-12-04 13:00:54,758 ✅ Sync completed: All positions exist in broker
2025-12-04 13:00:54,779 

2025-12-04 13:00:54,789 📡 Signal search - 2025-12-04 12:00:54
2025-12-04 13:00:54,799 -------------------------------------------------------------------------------------------------------------------
2025-12-04 13:00:54,810 ➡️  double_top_long: 3/50 candles
2025-12-04 13:00:54,821 ➡️  revers_long: 11/50 candles
2025-12-04 13:00:54,831 ➡️  parity_long: 11/50 candles
2025-12-04 13:00:54,842 ➡️  revers_short: 7/50 candles
2025-12-04 13:00:54,852 ➡️  parity_short: 7/50 candles
2025-12-04 13:00:54,862 🚫 Skipping signal search for double_top_long (it has 10 open positions)
2025-12-04 13:00:54,873 🚫 Skipping signal search for revers_long (it has 2 open positions)
2025-12-04 13:00:54,883 🚫 Skipping signal search for parity_long (it has 3 open positions)
2025-12-04 13:00:54,893 🚫 Skipping signal search for revers_short (it has 1 open positions)
2025-12-04 13:00:54,904 🚫 Skipping signal search for parity_short (it has 4 open positions)
2025-12-04 13:00:54,924 
===================================================================================================================
2025-12-04 13:00:54,934 🔂 Signal cycle completed
2025-12-04 13:00:54,955 ===================================================================================================================

2025-12-04 15:40:33,414 
🔚 Interrupted by user.
2025-12-04 15:40:33,436 ⛔ BOT Stopped
2025-12-04 15:40:40,967 
🚀 === Starting multi-strategy bot... ===
2025-12-04 15:40:40,968 ✅  State loaded: 20 positions recovered
2025-12-04 15:40:40,968    ➡️  double_top_long: 10 positions | Candles: 3
2025-12-04 15:40:40,968       - 1000BONKUSDT | Size: 7968       | Entry: 0.01003622364457831325301204819
2025-12-04 15:40:40,968       - ADAUSDT      | Size: 177        | Entry: 0.4499    
2025-12-04 15:40:40,968       - APTUSDT      | Size: 39.611     | Entry: 2.0201    
2025-12-04 15:40:40,968       - AVAXUSDT     | Size: 5.4        | Entry: 14.813    
2025-12-04 15:40:40,968       - DOTUSDT      | Size: 33         | Entry: 2.367     
2025-12-04 15:40:40,968       - ENAUSDT      | Size: 268        | Entry: 0.2978    
2025-12-04 15:40:40,968       - ETHUSDT      | Size: 0.02       | Entry: 3184.99   
2025-12-04 15:40:40,968       - SOLUSDT      | Size: 0.5        | Entry: 144.735   
2025-12-04 15:40:40,968       - SUIUSDT      | Size: 47.2       | Entry: 1.692     
2025-12-04 15:40:40,968       - WLDUSDT      | Size: 126        | Entry: 0.6349    
2025-12-04 15:40:40,968    ➡️  revers_long: 2 positions | Candles: 11
2025-12-04 15:40:40,968       - SEIUSDT      | Size: 566        | Entry: 0.14128   
2025-12-04 15:40:40,968       - WLDUSDT      | Size: 121        | Entry: 0.6613    
2025-12-04 15:40:40,968    ➡️  parity_long: 3 positions | Candles: 11
2025-12-04 15:40:40,968       - ONDOUSDT     | Size: 155.9      | Entry: 0.514     
2025-12-04 15:40:40,968       - SEIUSDT      | Size: 567        | Entry: 0.14087   
2025-12-04 15:40:40,968       - WLDUSDT      | Size: 120        | Entry: 0.6619    
2025-12-04 15:40:40,968    ➡️  revers_short: 1 positions | Candles: 7
2025-12-04 15:40:40,968       - FORMUSDT     | Size: 220        | Entry: 0.3621681818181818181818181818
2025-12-04 15:40:40,968    ➡️  parity_short: 4 positions | Candles: 7
2025-12-04 15:40:40,968       - APTUSDT      | Size: 39.767     | Entry: 2.0105    
2025-12-04 15:40:40,968       - FORMUSDT     | Size: 220        | Entry: 0.3619681818181818181818181818
2025-12-04 15:40:40,968       - NEARUSDT     | Size: 44         | Entry: 1.8161    
2025-12-04 15:40:40,968       - ZENUSDT      | Size: 8.5        | Entry: 9.344     
2025-12-04 15:40:44,719 🔹 Strategy double_top_long: 32 symbols
2025-12-04 15:40:44,724 🔹 Strategy revers_long: 32 symbols
2025-12-04 15:40:44,728 🔹 Strategy parity_long: 32 symbols
2025-12-04 15:40:44,732 🔹 Strategy revers_short: 32 symbols
2025-12-04 15:40:44,737 🔹 Strategy parity_short: 32 symbols
2025-12-04 15:40:44,737 ✅ BOT Initialization completed

2025-12-04 15:40:44,756 
2025-12-04 15:40:44,756 [1;94m===================================================================================================================[0m
2025-12-04 15:40:44,756 [1;94m📈 STRATEGY ANALYSIS[0m
2025-12-04 15:40:44,756 [1;94m===================================================================================================================[0m
2025-12-04 15:40:44,764 [1;85mStrategy       [0m  [1;85mdate_fo   [0m  [1;85m Trades_num[0m  [1;85m Trades_pct[0m  [1;85mTotal_profit[0m  [1;85m Profit_pct[0m  [1;85mTP_pct[0m  [1;85mSL_pct[0m  [1;85mOOM_pct[0m  [1;85mAvg_days[0m
2025-12-04 15:40:44,764 [0;93mparity_short   [0m  2025-11-24           19        63.16  [1;92m        1.75[0m         0.22   63.16     0.0    26.32      5.31
2025-12-04 15:40:44,764 [0;93mparity_long    [0m  2025-11-24           19        84.21  [1;92m       13.34[0m         1.67   84.21     0.0    15.79      1.71
2025-12-04 15:40:44,764 [0;93mrevers_long    [0m  2025-11-24           14        78.57  [1;92m        1.97[0m         0.25   78.57     0.0    21.43      2.09
2025-12-04 15:40:44,765 [0;93mrevers_short   [0m  2025-11-24            8         37.5  [1;91m      -17.28[0m        -2.16    37.5     0.0     25.0      6.17
2025-12-04 15:40:44,765 [0;93mdouble_top_long[0m  2025-11-27           17        35.29  [1;91m      -63.87[0m        -7.98   35.29     0.0    64.71      2.57
2025-12-04 15:40:44,765 
2025-12-04 15:40:44,765 [1;94m===================================================================================================================[0m
2025-12-04 15:40:44,765 [1;94m📊 TOTAL SUMMARY[0m
2025-12-04 15:40:44,765 [1;94m===================================================================================================================[0m
2025-12-04 15:40:44,765 [1;94m🧮 Trades_num   :[0m 77
2025-12-04 15:40:44,765 [1;94m🕜 Avg_duration :[0m 3.3 days
2025-12-04 15:40:44,765 [1;94m🎯 Trades_pct   :[0m 62.34 %
2025-12-04 15:40:44,765 [1;94m💱 Profit_pct   :[0m -1.60 %
2025-12-04 15:40:44,765 ⭕ [1;94mTOTAL_profit :[0m [1;91m-64.09 $[0m
2025-12-04 15:40:44,765 [1;94m===================================================================================================================[0m
2025-12-04 15:40:44,765 
2025-12-04 16:05:21,244 
🔚 Interrupted by user.
2025-12-04 16:05:21,267 ⛔ BOT Stopped
2025-12-04 16:05:27,398 
🚀 === Starting multi-strategy bot... ===
2025-12-04 16:05:27,398 ✅  State loaded: 20 positions recovered
2025-12-04 16:05:27,398    ➡️  double_top_long: 10 positions | Candles: 3
2025-12-04 16:05:27,398       - 1000BONKUSDT | Size: 7968       | Entry: 0.01003622364457831325301204819
2025-12-04 16:05:27,398       - ADAUSDT      | Size: 177        | Entry: 0.4499    
2025-12-04 16:05:27,398       - APTUSDT      | Size: 39.611     | Entry: 2.0201    
2025-12-04 16:05:27,398       - AVAXUSDT     | Size: 5.4        | Entry: 14.813    
2025-12-04 16:05:27,398       - DOTUSDT      | Size: 33         | Entry: 2.367     
2025-12-04 16:05:27,398       - ENAUSDT      | Size: 268        | Entry: 0.2978    
2025-12-04 16:05:27,398       - ETHUSDT      | Size: 0.02       | Entry: 3184.99   
2025-12-04 16:05:27,399       - SOLUSDT      | Size: 0.5        | Entry: 144.735   
2025-12-04 16:05:27,399       - SUIUSDT      | Size: 47.2       | Entry: 1.692     
2025-12-04 16:05:27,399       - WLDUSDT      | Size: 126        | Entry: 0.6349    
2025-12-04 16:05:27,399    ➡️  revers_long: 2 positions | Candles: 11
2025-12-04 16:05:27,399       - SEIUSDT      | Size: 566        | Entry: 0.14128   
2025-12-04 16:05:27,399       - WLDUSDT      | Size: 121        | Entry: 0.6613    
2025-12-04 16:05:27,399    ➡️  parity_long: 3 positions | Candles: 11
2025-12-04 16:05:27,399       - ONDOUSDT     | Size: 155.9      | Entry: 0.514     
2025-12-04 16:05:27,399       - SEIUSDT      | Size: 567        | Entry: 0.14087   
2025-12-04 16:05:27,399       - WLDUSDT      | Size: 120        | Entry: 0.6619    
2025-12-04 16:05:27,399    ➡️  revers_short: 1 positions | Candles: 7
2025-12-04 16:05:27,399       - FORMUSDT     | Size: 220        | Entry: 0.3621681818181818181818181818
2025-12-04 16:05:27,399    ➡️  parity_short: 4 positions | Candles: 7
2025-12-04 16:05:27,399       - APTUSDT      | Size: 39.767     | Entry: 2.0105    
2025-12-04 16:05:27,399       - FORMUSDT     | Size: 220        | Entry: 0.3619681818181818181818181818
2025-12-04 16:05:27,399       - NEARUSDT     | Size: 44         | Entry: 1.8161    
2025-12-04 16:05:27,399       - ZENUSDT      | Size: 8.5        | Entry: 9.344     
2025-12-04 16:05:31,071 🔹 Strategy double_top_long: 32 symbols
2025-12-04 16:05:31,076 🔹 Strategy revers_long: 32 symbols
2025-12-04 16:05:31,081 🔹 Strategy parity_long: 32 symbols
2025-12-04 16:05:31,085 🔹 Strategy revers_short: 32 symbols
2025-12-04 16:05:31,089 🔹 Strategy parity_short: 32 symbols
2025-12-04 16:05:31,089 ✅ BOT Initialization completed

2025-12-04 16:05:31,109 
2025-12-04 16:05:31,109 [1;94m===================================================================================================================[0m
2025-12-04 16:05:31,109 [1;94m📈 STRATEGY ANALYSIS[0m
2025-12-04 16:05:31,109 [1;94m===================================================================================================================[0m
2025-12-04 16:05:31,117 [1;85mStrategy       [0m  [1;85mdate_fo   [0m  [1;85m Trades_num[0m  [1;85m Trades_pct[0m  [1;85mTotal_profit[0m  [1;85m Profit_pct[0m  [1;85mTP_pct[0m  [1;85mSL_pct[0m  [1;85mOOM_pct[0m  [1;85mAvg_days[0m
2025-12-04 16:05:31,117 [0;93mparity_short   [0m  2025-11-24           19        63.16  [1;92m        1.75[0m         0.22   63.16     0.0    26.32      5.31
2025-12-04 16:05:31,117 [0;93mparity_long    [0m  2025-11-24           19        84.21  [1;92m       13.34[0m         1.67   84.21     0.0    15.79      1.71
2025-12-04 16:05:31,117 [0;93mrevers_long    [0m  2025-11-24           14        78.57  [1;92m        1.97[0m         0.25   78.57     0.0    21.43      2.09
2025-12-04 16:05:31,117 [0;93mrevers_short   [0m  2025-11-24            8         37.5  [1;91m      -17.28[0m        -2.16    37.5     0.0     25.0      6.17
2025-12-04 16:05:31,117 [0;93mdouble_top_long[0m  2025-11-27           17        35.29  [1;91m      -63.87[0m        -7.98   35.29     0.0    64.71      2.57
2025-12-04 16:05:31,118 
2025-12-04 16:05:31,118 [1;94m===================================================================================================================[0m
2025-12-04 16:05:31,118 [1;94m📊 TOTAL SUMMARY[0m
2025-12-04 16:05:31,118 [1;94m===================================================================================================================[0m
2025-12-04 16:05:31,118 [1;94m🧮 Trades_num   :[0m 77
2025-12-04 16:05:31,118 [1;94m🕜 Avg_duration :[0m 3.3 days
2025-12-04 16:05:31,118 [1;94m🎯 Trades_pct   :[0m 62.34 %
2025-12-04 16:05:31,118 [1;94m💱 Profit_pct   :[0m -1.60 %
2025-12-04 16:05:31,118 ⭕ [1;94mTOTAL_profit :[0m [1;91m-64.09 $[0m
2025-12-04 16:05:31,118 [1;94m===================================================================================================================[0m
2025-12-04 16:05:31,118 
2025-12-04 17:00:46,229 
===================================================================================================================
2025-12-04 17:00:46,249 🔀 === New candle detected ===: 2025-12-04 16:00:46 UTC
2025-12-04 17:00:46,288 ===================================================================================================================
2025-12-04 17:00:46,308 🌐 Syncronizing positions in broker...
2025-12-04 17:00:56,181 ✅ Sync completed: All positions exist in broker
2025-12-04 17:00:56,252 

2025-12-04 17:00:56,274 📡 Signal search - 2025-12-04 16:00:56
2025-12-04 17:00:56,295 -------------------------------------------------------------------------------------------------------------------
2025-12-04 17:00:56,335 ➡️  double_top_long: 4/50 candles
2025-12-04 17:00:56,366 ➡️  revers_long: 12/50 candles
2025-12-04 17:00:56,389 ➡️  parity_long: 12/50 candles
2025-12-04 17:00:56,409 ➡️  revers_short: 8/50 candles
2025-12-04 17:00:56,429 ➡️  parity_short: 8/50 candles
2025-12-04 17:00:56,448 🚫 Skipping signal search for double_top_long (it has 10 open positions)
2025-12-04 17:00:56,467 🚫 Skipping signal search for revers_long (it has 2 open positions)
2025-12-04 17:00:56,486 🚫 Skipping signal search for parity_long (it has 3 open positions)
2025-12-04 17:00:56,505 🚫 Skipping signal search for revers_short (it has 1 open positions)
2025-12-04 17:00:56,525 🚫 Skipping signal search for parity_short (it has 4 open positions)
2025-12-04 17:00:56,564 
===================================================================================================================
2025-12-04 17:00:56,583 🔂 Signal cycle completed
2025-12-04 17:00:56,647 ===================================================================================================================

2025-12-04 21:00:45,153 
===================================================================================================================
2025-12-04 21:00:45,163 🔀 === New candle detected ===: 2025-12-04 20:00:45 UTC
2025-12-04 21:00:45,173 ===================================================================================================================
2025-12-04 21:00:45,183 🌐 Syncronizing positions in broker...
2025-12-04 21:00:54,266 ✅ Sync completed: All positions exist in broker
2025-12-04 21:00:54,289 

2025-12-04 21:00:54,301 📡 Signal search - 2025-12-04 20:00:54
2025-12-04 21:00:54,311 -------------------------------------------------------------------------------------------------------------------
2025-12-04 21:00:54,322 ➡️  double_top_long: 5/50 candles
2025-12-04 21:00:54,334 ➡️  revers_long: 13/50 candles
2025-12-04 21:00:54,344 ➡️  parity_long: 13/50 candles
2025-12-04 21:00:54,355 ➡️  revers_short: 9/50 candles
2025-12-04 21:00:54,366 ➡️  parity_short: 9/50 candles
2025-12-04 21:00:54,377 🚫 Skipping signal search for double_top_long (it has 10 open positions)
2025-12-04 21:00:54,388 🚫 Skipping signal search for revers_long (it has 2 open positions)
2025-12-04 21:00:54,398 🚫 Skipping signal search for parity_long (it has 3 open positions)
2025-12-04 21:00:54,408 🚫 Skipping signal search for revers_short (it has 1 open positions)
2025-12-04 21:00:54,419 🚫 Skipping signal search for parity_short (it has 4 open positions)
2025-12-04 21:00:54,440 
===================================================================================================================
2025-12-04 21:00:54,450 🔂 Signal cycle completed
2025-12-04 21:00:54,470 ===================================================================================================================

2025-12-05 01:00:45,230 
===================================================================================================================
2025-12-05 01:00:45,241 🔀 === New candle detected ===: 2025-12-05 00:00:45 UTC
2025-12-05 01:00:45,251 ===================================================================================================================
2025-12-05 01:00:45,260 🌐 Syncronizing positions in broker...
2025-12-05 01:00:53,719 ✅ Sync completed: All positions exist in broker
2025-12-05 01:00:53,739 

2025-12-05 01:00:53,750 📡 Signal search - 2025-12-05 00:00:53
2025-12-05 01:00:53,760 -------------------------------------------------------------------------------------------------------------------
2025-12-05 01:00:53,770 ➡️  double_top_long: 6/50 candles
2025-12-05 01:00:53,780 ➡️  revers_long: 14/50 candles
2025-12-05 01:00:53,791 ➡️  parity_long: 14/50 candles
2025-12-05 01:00:53,801 ➡️  revers_short: 10/50 candles
2025-12-05 01:00:53,822 ➡️  parity_short: 10/50 candles
2025-12-05 01:00:53,832 🚫 Skipping signal search for double_top_long (it has 10 open positions)
2025-12-05 01:00:53,842 🚫 Skipping signal search for revers_long (it has 2 open positions)
2025-12-05 01:00:53,852 🚫 Skipping signal search for parity_long (it has 3 open positions)
2025-12-05 01:00:53,862 🚫 Skipping signal search for revers_short (it has 1 open positions)
2025-12-05 01:00:53,872 🚫 Skipping signal search for parity_short (it has 4 open positions)
2025-12-05 01:00:53,892 
===================================================================================================================
2025-12-05 01:00:53,902 🔂 Signal cycle completed
2025-12-05 01:00:53,922 ===================================================================================================================

2025-12-05 05:00:46,002 
===================================================================================================================
2025-12-05 05:00:46,023 🔀 === New candle detected ===: 2025-12-05 04:00:45 UTC
2025-12-05 05:00:46,034 ===================================================================================================================
2025-12-05 05:00:46,045 🌐 Syncronizing positions in broker...
2025-12-05 05:00:54,401 ✅ Sync completed: All positions exist in broker
2025-12-05 05:00:54,425 

2025-12-05 05:00:54,436 📡 Signal search - 2025-12-05 04:00:54
2025-12-05 05:00:54,447 -------------------------------------------------------------------------------------------------------------------
2025-12-05 05:00:54,458 ➡️  double_top_long: 7/50 candles
2025-12-05 05:00:54,469 ➡️  revers_long: 15/50 candles
2025-12-05 05:00:54,480 ➡️  parity_long: 15/50 candles
2025-12-05 05:00:54,492 ➡️  revers_short: 11/50 candles
2025-12-05 05:00:54,503 ➡️  parity_short: 11/50 candles
2025-12-05 05:00:54,514 🚫 Skipping signal search for double_top_long (it has 10 open positions)
2025-12-05 05:00:54,524 🚫 Skipping signal search for revers_long (it has 2 open positions)
2025-12-05 05:00:54,535 🚫 Skipping signal search for parity_long (it has 3 open positions)
2025-12-05 05:00:54,550 🚫 Skipping signal search for revers_short (it has 1 open positions)
2025-12-05 05:00:54,563 🚫 Skipping signal search for parity_short (it has 4 open positions)
2025-12-05 05:00:54,587 
===================================================================================================================
2025-12-05 05:00:54,598 🔂 Signal cycle completed
2025-12-05 05:00:54,620 ===================================================================================================================

2025-12-05 05:30:23,494 
💲 TP REACHED for APTUSDT (parity_short)
2025-12-05 05:30:23,506 →  Closing short position on APTUSDT:
2025-12-05 05:30:24,004 ✅ Position closed due to TP: APTUSDT | Size: 39.767
2025-12-05 05:30:24,537 📋 Trade logged: APTUSDT | Profit: 4.14 USDT (+5.17%) | Duration: 1.8952 days
2025-12-05 05:30:24,556 
2025-12-05 05:30:24,566 [1;94m===================================================================================================================[0m
2025-12-05 05:30:24,576 [1;94m📈 STRATEGY ANALYSIS[0m
2025-12-05 05:30:24,586 [1;94m===================================================================================================================[0m
2025-12-05 05:30:24,600 [1;85mStrategy       [0m  [1;85mdate_fo   [0m  [1;85m Trades_num[0m  [1;85m Trades_pct[0m  [1;85mTotal_profit[0m  [1;85m Profit_pct[0m  [1;85mTP_pct[0m  [1;85mSL_pct[0m  [1;85mOOM_pct[0m  [1;85mAvg_days[0m
2025-12-05 05:30:24,610 [0;93mparity_short   [0m  2025-11-24           20         65.0  [1;92m        5.89[0m         0.74    65.0     0.0     25.0      5.14
2025-12-05 05:30:24,620 [0;93mparity_long    [0m  2025-11-24           19        84.21  [1;92m       13.34[0m         1.67   84.21     0.0    15.79      1.71
2025-12-05 05:30:24,630 [0;93mrevers_long    [0m  2025-11-24           14        78.57  [1;92m        1.97[0m         0.25   78.57     0.0    21.43      2.09
2025-12-05 05:30:24,640 [0;93mrevers_short   [0m  2025-11-24            8         37.5  [1;91m      -17.28[0m        -2.16    37.5     0.0     25.0      6.17
2025-12-05 05:30:24,650 [0;93mdouble_top_long[0m  2025-11-27           17        35.29  [1;91m      -63.87[0m        -7.98   35.29     0.0    64.71      2.57
2025-12-05 05:30:24,661 
2025-12-05 05:30:24,681 [1;94m===================================================================================================================[0m
2025-12-05 05:30:24,691 [1;94m📊 TOTAL SUMMARY[0m
2025-12-05 05:30:24,701 [1;94m===================================================================================================================[0m
2025-12-05 05:30:24,711 [1;94m🧮 Trades_num   :[0m 78
2025-12-05 05:30:24,721 [1;94m🕜 Avg_duration :[0m 3.3 days
2025-12-05 05:30:24,731 [1;94m🎯 Trades_pct   :[0m 62.82 %
2025-12-05 05:30:24,741 [1;94m💱 Profit_pct   :[0m -1.50 %
2025-12-05 05:30:24,751 ⭕ [1;94mTOTAL_profit :[0m [1;91m-59.95 $[0m
2025-12-05 05:30:24,761 [1;94m===================================================================================================================[0m
2025-12-05 05:30:24,771 
2025-12-05 05:32:55,045 
💲 TP REACHED for FORMUSDT (revers_short)
2025-12-05 05:32:55,054 →  Closing short position on FORMUSDT:
2025-12-05 05:32:55,550 ✅ Position closed due to TP: FORMUSDT | Size: 220
2025-12-05 05:32:55,981 📋 Trade logged: FORMUSDT | Profit: 4.05 USDT (+5.08%) | Duration: 1.8971 days
2025-12-05 05:32:56,000 
2025-12-05 05:32:56,010 [1;94m===================================================================================================================[0m
2025-12-05 05:32:56,020 [1;94m📈 STRATEGY ANALYSIS[0m
2025-12-05 05:32:56,030 [1;94m===================================================================================================================[0m
2025-12-05 05:32:56,043 [1;85mStrategy       [0m  [1;85mdate_fo   [0m  [1;85m Trades_num[0m  [1;85m Trades_pct[0m  [1;85mTotal_profit[0m  [1;85m Profit_pct[0m  [1;85mTP_pct[0m  [1;85mSL_pct[0m  [1;85mOOM_pct[0m  [1;85mAvg_days[0m
2025-12-05 05:32:56,053 [0;93mparity_short   [0m  2025-11-24           20         65.0  [1;92m        5.89[0m         0.74    65.0     0.0     25.0      5.14
2025-12-05 05:32:56,062 [0;93mparity_long    [0m  2025-11-24           19        84.21  [1;92m       13.34[0m         1.67   84.21     0.0    15.79      1.71
2025-12-05 05:32:56,072 [0;93mrevers_long    [0m  2025-11-24           14        78.57  [1;92m        1.97[0m         0.25   78.57     0.0    21.43      2.09
2025-12-05 05:32:56,081 [0;93mrevers_short   [0m  2025-11-24            9        44.44  [1;91m      -13.23[0m        -1.65   44.44     0.0    22.22       5.7
2025-12-05 05:32:56,091 [0;93mdouble_top_long[0m  2025-11-27           17        35.29  [1;91m      -63.87[0m        -7.98   35.29     0.0    64.71      2.57
2025-12-05 05:32:56,101 
2025-12-05 05:32:56,110 [1;94m===================================================================================================================[0m
2025-12-05 05:32:56,120 [1;94m📊 TOTAL SUMMARY[0m
2025-12-05 05:32:56,129 [1;94m===================================================================================================================[0m
2025-12-05 05:32:56,139 [1;94m🧮 Trades_num   :[0m 79
2025-12-05 05:32:56,149 [1;94m🕜 Avg_duration :[0m 3.3 days
2025-12-05 05:32:56,169 [1;94m🎯 Trades_pct   :[0m 63.29 %
2025-12-05 05:32:56,178 [1;94m💱 Profit_pct   :[0m -1.40 %
2025-12-05 05:32:56,189 ⭕ [1;94mTOTAL_profit :[0m [1;91m-55.90 $[0m
2025-12-05 05:32:56,199 [1;94m===================================================================================================================[0m
2025-12-05 05:32:56,208 
2025-12-05 05:32:56,582 
💲 TP REACHED for FORMUSDT (parity_short)
2025-12-05 05:32:56,592 →  Closing short position on FORMUSDT:
2025-12-05 05:32:57,083 ✅ Position closed due to TP: FORMUSDT | Size: 220
2025-12-05 05:32:57,621 📋 Trade logged: FORMUSDT | Profit: 4.00 USDT (+5.02%) | Duration: 1.8969 days
2025-12-05 05:32:57,642 
2025-12-05 05:32:57,652 [1;94m===================================================================================================================[0m
2025-12-05 05:32:57,662 [1;94m📈 STRATEGY ANALYSIS[0m
2025-12-05 05:32:57,673 [1;94m===================================================================================================================[0m
2025-12-05 05:32:57,687 [1;85mStrategy       [0m  [1;85mdate_fo   [0m  [1;85m Trades_num[0m  [1;85m Trades_pct[0m  [1;85mTotal_profit[0m  [1;85m Profit_pct[0m  [1;85mTP_pct[0m  [1;85mSL_pct[0m  [1;85mOOM_pct[0m  [1;85mAvg_days[0m
2025-12-05 05:32:57,698 [0;93mparity_short   [0m  2025-11-24           21        66.67  [1;92m        9.89[0m         1.24   66.67     0.0    23.81      4.99
2025-12-05 05:32:57,708 [0;93mparity_long    [0m  2025-11-24           19        84.21  [1;92m       13.34[0m         1.67   84.21     0.0    15.79      1.71
2025-12-05 05:32:57,729 [0;93mrevers_long    [0m  2025-11-24           14        78.57  [1;92m        1.97[0m         0.25   78.57     0.0    21.43      2.09
2025-12-05 05:32:57,739 [0;93mrevers_short   [0m  2025-11-24            9        44.44  [1;91m      -13.23[0m        -1.65   44.44     0.0    22.22       5.7
2025-12-05 05:32:57,750 [0;93mdouble_top_long[0m  2025-11-27           17        35.29  [1;91m      -63.87[0m        -7.98   35.29     0.0    64.71      2.57
2025-12-05 05:32:57,760 
2025-12-05 05:32:57,770 [1;94m===================================================================================================================[0m
2025-12-05 05:32:57,780 [1;94m📊 TOTAL SUMMARY[0m
2025-12-05 05:32:57,790 [1;94m===================================================================================================================[0m
2025-12-05 05:32:57,800 [1;94m🧮 Trades_num   :[0m 80
2025-12-05 05:32:57,811 [1;94m🕜 Avg_duration :[0m 3.3 days
2025-12-05 05:32:57,820 [1;94m🎯 Trades_pct   :[0m 63.75 %
2025-12-05 05:32:57,830 [1;94m💱 Profit_pct   :[0m -1.30 %
2025-12-05 05:32:57,840 ⭕ [1;94mTOTAL_profit :[0m [1;91m-51.90 $[0m
2025-12-05 05:32:57,850 [1;94m===================================================================================================================[0m
2025-12-05 05:32:57,860 
2025-12-05 09:00:45,142 
===================================================================================================================
2025-12-05 09:00:45,151 🔀 === New candle detected ===: 2025-12-05 08:00:45 UTC
2025-12-05 09:00:45,161 ===================================================================================================================
2025-12-05 09:00:45,171 🌐 Syncronizing positions in broker...
2025-12-05 09:00:52,191 ✅ Sync completed: All positions exist in broker
2025-12-05 09:00:52,210 

2025-12-05 09:00:52,229 📡 Signal search - 2025-12-05 08:00:52
2025-12-05 09:00:52,237 -------------------------------------------------------------------------------------------------------------------
2025-12-05 09:00:52,246 ➡️  double_top_long: 8/50 candles
2025-12-05 09:00:52,256 ➡️  revers_long: 16/50 candles
2025-12-05 09:00:52,265 ➡️  parity_long: 16/50 candles
2025-12-05 09:00:52,274 ➡️  parity_short: 12/50 candles
2025-12-05 09:00:52,283 🚫 Skipping signal search for double_top_long (it has 10 open positions)
2025-12-05 09:00:52,292 🚫 Skipping signal search for revers_long (it has 2 open positions)
2025-12-05 09:00:52,301 🚫 Skipping signal search for parity_long (it has 3 open positions)
2025-12-05 09:00:52,320 
🔄 Processing strategy: revers_short
2025-12-05 09:01:02,784 ✨ Signals detected for revers_short: 8
2025-12-05 09:01:04,065 ✅ ⬇️ SHORT  APTUSDT    | Size: 41.974   | Price: 1.9059    
2025-12-05 09:01:06,039 ✅ ⬇️ SHORT  FETUSDT    | Size: 318      | Price: 0.251     
2025-12-05 09:01:08,177 ✅ ⬇️ SHORT  FORMUSDT   | Size: 227      | Price: 0.3512    
2025-12-05 09:01:10,123 ✅ ⬇️ SHORT  HBARUSDT   | Size: 574      | Price: 0.13917   
2025-12-05 09:01:12,056 ✅ ⬇️ SHORT  NEARUSDT   | Size: 44       | Price: 1.7874    
2025-12-05 09:01:14,125 ✅ ⬇️ SHORT  ONDOUSDT   | Size: 162.8    | Price: 0.4912    
2025-12-05 09:01:16,036 ✅ ⬇️ SHORT  WLDUSDT    | Size: 129      | Price: 0.618     
2025-12-05 09:01:18,036 ✅ ⬇️ SHORT  XRPUSDT    | Size: 38       | Price: 2.0905    
2025-12-05 09:01:18,733 🚫 Skipping signal search for parity_short (it has 2 open positions)
2025-12-05 09:01:18,751 
===================================================================================================================
2025-12-05 09:01:18,759 🔂 Signal cycle completed
2025-12-05 09:01:18,777 ===================================================================================================================

