[1;94m============================================[0m
[1;94mSTARTING BOT IN ACCOUNT: 00[0m
[1;94m============================================[0m
[1;94m🗃️  Loading BOT state...[0m
🔄 Total positions recovered: 64
[1;94m--------------------[0m
   ➡️  double_top_long_4H   :  1 positions | Candles:  6
   ➡️  revers_long_4H       :  5 positions | Candles:  6
   ➡️  revers_short_4H      :  7 positions | Candles:  6
   ➡️  parity_short_4H      : 18 positions | Candles:  6
   ➡️  orderblocks_short_4H :  6 positions | Candles:  6
   ➡️  orderblocks_long_4H  :  1 positions | Candles:  6
   ➡️  revers_long_6Hutc    :  1 positions | Candles:  4
   ➡️  revers_short_6Hutc   : 11 positions | Candles:  4
   ➡️  parity_long_6Hutc    :  4 positions | Candles:  4
   ➡️  revers_long_1H       :  1 positions | Candles: 26
   ➡️  parity_long_1H       :  3 positions | Candles: 26
   ➡️  parity_short_1H      :  4 positions | Candles: 26
   ➡️  revers_short_1H      :  1 positions | Candles: 24
   ➡️  parity_long_4H       :  1 positions | Candles:  3
✅ State loaded successfully

[1;94mValidating strategy configuration...[0m
[1;94m--------------------------------------------[0m
   🆗 Val 1: All strategy names implemented
   🆗 Val 2: All directions coherent with names
   🆗 Val 3: All timeframes coherent with names
   🆗 Val 4: All order amounts in range (40-100)
   🆗 Val 5: All strategies required parameters
   🆗 Val 6: All TP/SL % within valid ranges (1.5 - 10)
   🆗 Val 7: All strategy IDs unique
   🆗 Val 8: All sell_after_ncandles ok (45-55)
   🆗 Val 9: All strategies names + TF are unique.
   🆗 Val 10: All strategy names unique
   🆗 Val 12: All TF are valid
✅ All strategies validated successfully


[1;94m🔢 Operative Strategies: 14 [0m
[1;94m--------------------------------------------[0m
🔹 Strategy double_top_long_4H (4H): 32 symbols
🔹 Strategy revers_long_4H     (4H): 32 symbols
🔹 Strategy parity_long_4H     (4H):  5 symbols
🔹 Strategy revers_short_4H    (4H): 32 symbols
🔹 Strategy parity_short_4H    (4H): 32 symbols
🔹 Strategy revers_long_1H     (1H):  6 symbols
🔹 Strategy revers_short_1H    (1H):  6 symbols
🔹 Strategy revers_long_6Hutc  (6Hutc): 15 symbols
🔹 Strategy revers_short_6Hutc (6Hutc): 15 symbols
🔹 Strategy parity_long_1H     (1H):  6 symbols
🔹 Strategy parity_short_1H    (1H):  6 symbols
🔹 Strategy parity_long_6Hutc  (6Hutc): 15 symbols
🔹 Strategy orderblocks_short_4H (4H): 32 symbols
🔹 Strategy orderblocks_long_4H (4H): 32 symbols

➡️  Detected timeframes: 1H, 4H, 6Hutc

✅ BOT Initialization completed


[1;94m🌐 Starting Web...[0m
[1;94m--------------------------------------------[0m
 * Serving Flask app 'ZX_BOT_dashboard'
 * Debug mode: off
INFO:websocket:Websocket connected
INFO:websocket:Websocket connected
