[1;96m============================================[0m
[1;96mSTARTING BOT IN ACCOUNT: E1[0m
[1;96m============================================[0m
[1;96m🗃️  Loading BOT state...[0m
🔄 Total positions recovered: 44
[1;96m--------------------[0m
   ➡️  revers_long_1H       :  1 positions | Candles: 26
   ➡️  parity_long_1H       :  3 positions | Candles: 26
   ➡️  parity_short_1H      :  4 positions | Candles: 20
   ➡️  double_top_long_4H   :  5 positions | Candles:  5
   ➡️  parity_long_4H       :  1 positions | Candles:  3
   ➡️  revers_short_4H      :  7 positions | Candles:  6
   ➡️  parity_short_4H      : 14 positions | Candles:  5
   ➡️  revers_short_1H      :  1 positions | Candles: 20
   ➡️  revers_short_6Hutc   :  3 positions | Candles: 37
   ➡️  revers_long_4H       :  1 positions | Candles: 49
   ➡️  revers_long_6Hutc    :  1 positions | Candles: 22
   ➡️  orderblocks_short_4H :  3 positions | Candles: 13
✅ State loaded successfully

[1;96m🪪 Validating strategy configuration...[0m
[1;96m--------------------------------------------[0m
   🆗 Val 1: All strategy names implemented
   🆗 Val 2: All directions coherent with names
   🆗 Val 3: All timeframes coherent with names
   🆗 Val 4: All order amounts in range (40-100)
   🆗 Val 5: All strategies required parameters
   🆗 Val 6: All TP/SL % within valid ranges (1.5 - 10)
   🆗 Val 7: All strategy IDs unique
   🆗 Val 8: All sell_after_ncandles ok (45-55)
   🆗 Val 9: All strategies names + TF are unique.
   🆗 Val 10: All strategy names unique
   🆗 Val 12: All TF are valid

[1;96m⚠️  CONFIGURATION WARNINGS:[0m
  ❕ Implemented but NOT declared: {'orderblocks_long_4H', 'parity_long_6Hutc'}


[1;96m🔢 Operative Strategies: 12 [0m
[1;96m--------------------------------------------[0m
⏸️  Strategy double_top_long_4H (4H): DEPRECATING (monitoring only)
🔹 Strategy revers_long_4H     (4H): 32 symbols
🔹 Strategy parity_long_4H     (4H):  5 symbols
🔹 Strategy revers_short_4H    (4H): 32 symbols
⏸️  Strategy parity_short_4H    (4H): DEPRECATING (monitoring only)
🔹 Strategy revers_long_1H     (1H):  6 symbols
🔹 Strategy revers_short_1H    (1H):  6 symbols
🔹 Strategy revers_long_6Hutc  (6Hutc): 15 symbols
🔹 Strategy revers_short_6Hutc (6Hutc): 15 symbols
🔹 Strategy parity_long_1H     (1H):  6 symbols
🔹 Strategy parity_short_1H    (1H):  6 symbols
🔹 Strategy orderblocks_short_4H (4H): 32 symbols

➡️  Detected timeframes: 1H, 4H, 6Hutc

✅ BOT Initialization completed


[1;96m🌐 Starting Web...[0m
[1;96m--------------------------------------------[0m

[1;96m🌐 Dashboard Web Started[0m
─────────────────────────────────────────────
📊 Local:   http://localhost:5001
🔗 Network: http://127.0.0.1:5001
🌍 LAN:     http://<your-ip>:5001
─────────────────────────────────────────────

✅ Bot monitoring active - Check dashboard at http://localhost:5001

[1;96m📱 Init  WebSocket...[0m
[1;96m--------------------------------------------[0m
Waiting for equity data from WebSocket...
⚠️ Cant subs to XRPUSDT - Public WS not conne.
[0;92m🔌 PRIVATE WS connected [2025-12-28 15:19:48 UTC][0m
➡️  WebSocket status:
  - Public WS    : ⚠️  Not connected
  - Private WS   : ✅ Connected
  - Authenticated: ⚠️  No
[0;92m🔌 PUBLIC-     WS connected [2025-12-28 15:19:48 UTC][0m
⚠️No PnL - XRPUSDT: No price - XRPUSDT
🛜 Subscribing to 5 private channels...
🆗 orders
🆗 fill
🆗 positions
🆗 account
🆗 equity
✅ WS authentication successful
📦 Pre-loading contract for 33 symbols
[0;36m✅ Pre-loaded 33/33 contracts[0m


[1;96m🔜 Candles incoming:  [0m
[1;96m--------------------------------------------[0m
Next for 1H    : 2025-12-28 16:00:45 UTC
Next for 4H    : 2025-12-28 16:00:45 UTC
Next for 6Hutc : 2025-12-28 18:00:45 UTC
[1;96m============================================[0m
[1;96mSTARTING BOT IN ACCOUNT: E1[0m
[1;96m============================================[0m
[1;96m🗃️  Loading BOT state...[0m
🔄 Total positions recovered: 44
[1;96m--------------------[0m
   ➡️  revers_long_1H       :  1 positions | Candles: 26
   ➡️  parity_long_1H       :  3 positions | Candles: 26
   ➡️  parity_short_1H      :  4 positions | Candles: 20
   ➡️  double_top_long_4H   :  5 positions | Candles:  5
   ➡️  parity_long_4H       :  1 positions | Candles:  3
   ➡️  revers_short_4H      :  7 positions | Candles:  6
   ➡️  parity_short_4H      : 14 positions | Candles:  5
   ➡️  revers_short_1H      :  1 positions | Candles: 20
   ➡️  revers_short_6Hutc   :  3 positions | Candles: 37
   ➡️  revers_long_4H       :  1 positions | Candles: 49
   ➡️  revers_long_6Hutc    :  1 positions | Candles: 22
   ➡️  orderblocks_short_4H :  3 positions | Candles: 13
✅ State loaded successfully

[1;96m🪪 Validating strategy configuration...[0m
[1;96m--------------------------------------------[0m
   🆗 Val 1: All strategy names implemented
   🆗 Val 2: All directions coherent with names
   🆗 Val 3: All timeframes coherent with names
   🆗 Val 4: All order amounts in range (40-100)
   🆗 Val 5: All strategies required parameters
   🆗 Val 6: All TP/SL % within valid ranges (1.5 - 10)
   🆗 Val 7: All strategy IDs unique
   🆗 Val 8: All sell_after_ncandles ok (45-55)
   🆗 Val 9: All strategies names + TF are unique.
   🆗 Val 10: All strategy names unique
   🆗 Val 12: All TF are valid

[1;96m⚠️  CONFIGURATION WARNINGS:[0m
  ❕ Implemented but NOT declared: {'orderblocks_long_4H', 'parity_long_6Hutc'}


[1;96m🔢 Operative Strategies: 12 [0m
[1;96m--------------------------------------------[0m
⏸️  Strategy double_top_long_4H (4H): DEPRECATING (monitoring only)
🔹 Strategy revers_long_4H     (4H): 32 symbols
🔹 Strategy parity_long_4H     (4H):  5 symbols
🔹 Strategy revers_short_4H    (4H): 32 symbols
⏸️  Strategy parity_short_4H    (4H): DEPRECATING (monitoring only)
🔹 Strategy revers_long_1H     (1H):  6 symbols
🔹 Strategy revers_short_1H    (1H):  6 symbols
🔹 Strategy revers_long_6Hutc  (6Hutc): 15 symbols
🔹 Strategy revers_short_6Hutc (6Hutc): 15 symbols
🔹 Strategy parity_long_1H     (1H):  6 symbols
🔹 Strategy parity_short_1H    (1H):  6 symbols
🔹 Strategy orderblocks_short_4H (4H): 32 symbols

➡️  Detected timeframes: 4H, 6Hutc, 1H

✅ BOT Initialization completed


[1;96m🌐 Starting Web...[0m
[1;96m--------------------------------------------[0m

[1;96m🌐 Dashboard Web Started[0m
─────────────────────────────────────────────
📊 Local:   http://localhost:5001
🔗 Network: http://127.0.0.1:5001
🌍 LAN:     http://<your-ip>:5001
─────────────────────────────────────────────

✅ Bot monitoring active - Check dashboard at http://localhost:5001

[1;96m📱 Init  WebSocket...[0m
[1;96m--------------------------------------------[0m
Waiting for equity data from WebSocket...
⚠️ Cant subs to XRPUSDT - Public WS not conne.
[0;92m🔌 PRIVATE WS connected [2025-12-28 15:28:49 UTC][0m
[0;92m🔌 PUBLIC-     WS connected [2025-12-28 15:28:49 UTC][0m
➡️  WebSocket status:
  - Public WS    : ✅ Connected
  - Private WS   : ✅ Connected
  - Authenticated: ⚠️  No
⚠️No PnL - XRPUSDT: No price - XRPUSDT
🛜 Subscribing to 5 private channels...
🆗 orders
🆗 fill
🆗 positions
🆗 account
🆗 equity
✅ WS authentication successful
📦 Pre-loading contract for 33 symbols
[0;36m✅ Pre-loaded 33/33 contracts[0m


[1;96m🔜 Candles incoming:  [0m
[1;96m--------------------------------------------[0m
Next for 4H    : 2025-12-28 16:00:45 UTC
Next for 6Hutc : 2025-12-28 18:00:45 UTC
Next for 1H    : 2025-12-28 16:00:45 UTC
[1;96m============================================[0m
[1;96mSTARTING BOT IN ACCOUNT: E1[0m
[1;96m============================================[0m
[1;96m🗃️  Loading BOT state...[0m
🔄 Total positions recovered: 44
[1;96m--------------------[0m
   ➡️  revers_long_1H       :  1 positions | Candles: 26
   ➡️  parity_long_1H       :  3 positions | Candles: 26
   ➡️  parity_short_1H      :  4 positions | Candles: 20
   ➡️  double_top_long_4H   :  5 positions | Candles:  5
   ➡️  parity_long_4H       :  1 positions | Candles:  3
   ➡️  revers_short_4H      :  7 positions | Candles:  6
   ➡️  parity_short_4H      : 14 positions | Candles:  5
   ➡️  revers_short_1H      :  1 positions | Candles: 20
   ➡️  revers_short_6Hutc   :  3 positions | Candles: 37
   ➡️  revers_long_4H       :  1 positions | Candles: 49
   ➡️  revers_long_6Hutc    :  1 positions | Candles: 22
   ➡️  orderblocks_short_4H :  3 positions | Candles: 13
✅ State loaded successfully

[1;96mValidating strategy configuration...[0m
[1;96m--------------------------------------------[0m
   🆗 Val 1: All strategy names implemented
   🆗 Val 2: All directions coherent with names
   🆗 Val 3: All timeframes coherent with names
   🆗 Val 4: All order amounts in range (40-100)
   🆗 Val 5: All strategies required parameters
   🆗 Val 6: All TP/SL % within valid ranges (1.5 - 10)
   🆗 Val 7: All strategy IDs unique
   🆗 Val 8: All sell_after_ncandles ok (45-55)
   🆗 Val 9: All strategies names + TF are unique.
   🆗 Val 10: All strategy names unique
   🆗 Val 12: All TF are valid

[1;96m⚠️  CONFIGURATION WARNINGS:[0m
  ❕ Implemented but NOT declared: {'orderblocks_long_4H', 'parity_long_6Hutc'}


[1;96m🔢 Operative Strategies: 12 [0m
[1;96m--------------------------------------------[0m
⏸️ Strategy double_top_long_4H (4H): DEPRECATING
🔹 Strategy revers_long_4H     (4H): 32 symbols
🔹 Strategy parity_long_4H     (4H):  5 symbols
🔹 Strategy revers_short_4H    (4H): 32 symbols
⏸️ Strategy parity_short_4H    (4H): DEPRECATING
🔹 Strategy revers_long_1H     (1H):  6 symbols
🔹 Strategy revers_short_1H    (1H):  6 symbols
🔹 Strategy revers_long_6Hutc  (6Hutc): 15 symbols
🔹 Strategy revers_short_6Hutc (6Hutc): 15 symbols
🔹 Strategy parity_long_1H     (1H):  6 symbols
🔹 Strategy parity_short_1H    (1H):  6 symbols
🔹 Strategy orderblocks_short_4H (4H): 32 symbols

➡️  Detected timeframes: 1H, 4H, 6Hutc

✅ BOT Initialization completed


[1;96m🌐 Starting Web...[0m
[1;96m--------------------------------------------[0m
❌ Error WS manager not init for balance.
⚠️No PnL - XRPUSDT: WS manager not init.
⚠️No PnL - DOGEUSDT: WS manager not init.
⚠️No PnL - SOLUSDT: WS manager not init.
⚠️No PnL - XRPUSDT: WS manager not init.
⚠️No PnL - BTCUSDT: WS manager not init.
⚠️No PnL - DOGEUSDT: WS manager not init.
⚠️No PnL - ETHUSDT: WS manager not init.
⚠️No PnL - XRPUSDT: WS manager not init.
⚠️No PnL - ARBUSDT: WS manager not init.
⚠️No PnL - ENAUSDT: WS manager not init.
⚠️No PnL - FETUSDT: WS manager not init.
⚠️No PnL - NEARUSDT: WS manager not init.
⚠️No PnL - SEIUSDT: WS manager not init.
⚠️No PnL - SOLUSDT: WS manager not init.
⚠️No PnL - BGBUSDT: WS manager not init.
⚠️No PnL - BTCUSDT: WS manager not init.
⚠️No PnL - LINKUSDT: WS manager not init.
⚠️No PnL - ONDOUSDT: WS manager not init.
⚠️No PnL - PENGUUSDT: WS manager not init.
⚠️No PnL - TAOUSDT: WS manager not init.
⚠️No PnL - XRPUSDT: WS manager not init.
⚠️No PnL - 1000BONKUSDT: WS manager not init.
⚠️No PnL - ADAUSDT: WS manager not init.
⚠️No PnL - BGBUSDT: WS manager not init.
⚠️No PnL - BNBUSDT: WS manager not init.
⚠️No PnL - BTCUSDT: WS manager not init.
⚠️No PnL - DOGEUSDT: WS manager not init.
⚠️No PnL - ETHUSDT: WS manager not init.
⚠️No PnL - LINKUSDT: WS manager not init.
⚠️No PnL - ONDOUSDT: WS manager not init.
⚠️No PnL - SUIUSDT: WS manager not init.
⚠️No PnL - TAOUSDT: WS manager not init.
⚠️No PnL - WIFUSDT: WS manager not init.
⚠️No PnL - WLDUSDT: WS manager not init.
⚠️No PnL - XRPUSDT: WS manager not init.
⚠️No PnL - ETHUSDT: WS manager not init.
⚠️No PnL - BNBUSDT: WS manager not init.
⚠️No PnL - BTCUSDT: WS manager not init.
⚠️No PnL - LINKUSDT: WS manager not init.
⚠️No PnL - DOGEUSDT: WS manager not init.
⚠️No PnL - BTCUSDT: WS manager not init.
⚠️No PnL - AAVEUSDT: WS manager not init.
⚠️No PnL - TAOUSDT: WS manager not init.
⚠️No PnL - WIFUSDT: WS manager not init.

[1;96m🌐 Dashboard Web Started[0m
─────────────────────────────────────────────
📊 Local:   http://localhost:5001
🔗 Network: http://127.0.0.1:5001
🌍 LAN:     http://<your-ip>:5001
─────────────────────────────────────────────

✅ Bot monitoring at http://localhost:5001

[1;96m📱 Init  WebSocket...[0m
[1;96m--------------------------------------------[0m
Waiting for equity data from WebSocket...
⚠️ Cant subs to XRPUSDT - Public WS not conne.
[0;92m🔌 PUBLIC-     WS connected [2025-12-28 15:40:37 UTC][0m
➡️  WebSocket status:
  - Public- WS    : ✅ Connected
  - Private WS   : ⚠️  Not connected
  - Authenticated: ⚠️  No
[0;92m🔌 PRIVATE WS connected [2025-12-28 15:40:37 UTC][0m
🛜 Subscribing to 5 private channels...
🆗 orders
🆗 fill
🆗 positions
🆗 account
🆗 equity
✅ WS authentication successful
📦 Pre-loading contract for 33 symbols
[0;36m✅ Pre-loaded 33/33 contracts[0m


[1;96m🔜 Candles incoming:  [0m
[1;96m--------------------------------------------[0m
Next for 1H    : 2025-12-28 16:00:45 UTC
Next for 4H    : 2025-12-28 16:00:45 UTC
Next for 6Hutc : 2025-12-28 18:00:45 UTC
[1;96m============================================[0m
[1;96mSTARTING BOT IN ACCOUNT: E1[0m
[1;96m============================================[0m
[1;96m🗃️  Loading BOT state...[0m
🔄 Total positions recovered: 44
[1;96m--------------------[0m
   ➡️  revers_long_1H       :  1 positions | Candles: 26
   ➡️  parity_long_1H       :  3 positions | Candles: 26
   ➡️  parity_short_1H      :  4 positions | Candles: 20
   ➡️  double_top_long_4H   :  5 positions | Candles:  5
   ➡️  parity_long_4H       :  1 positions | Candles:  3
   ➡️  revers_short_4H      :  7 positions | Candles:  6
   ➡️  parity_short_4H      : 14 positions | Candles:  5
   ➡️  revers_short_1H      :  1 positions | Candles: 20
   ➡️  revers_short_6Hutc   :  3 positions | Candles: 37
   ➡️  revers_long_4H       :  1 positions | Candles: 49
   ➡️  revers_long_6Hutc    :  1 positions | Candles: 22
   ➡️  orderblocks_short_4H :  3 positions | Candles: 13
✅ State loaded successfully

[1;96mValidating strategy configuration...[0m
[1;96m--------------------------------------------[0m
   🆗 Val 1: All strategy names implemented
   🆗 Val 2: All directions coherent with names
   🆗 Val 3: All timeframes coherent with names
   🆗 Val 4: All order amounts in range (40-100)
   🆗 Val 5: All strategies required parameters
   🆗 Val 6: All TP/SL % within valid ranges (1.5 - 10)
   🆗 Val 7: All strategy IDs unique
   🆗 Val 8: All sell_after_ncandles ok (45-55)
   🆗 Val 9: All strategies names + TF are unique.
   🆗 Val 10: All strategy names unique
   🆗 Val 12: All TF are valid

[1;96m⚠️  CONFIGURATION WARNINGS:[0m
  ❕ Implemented but NOT declared: {'parity_long_6Hutc', 'orderblocks_long_4H'}


[1;96m🔢 Operative Strategies: 12 [0m
[1;96m--------------------------------------------[0m
⏸️ Strategy double_top_long_4H (4H): DEPRECATING
🔹 Strategy revers_long_4H     (4H): 32 symbols
🔹 Strategy parity_long_4H     (4H):  5 symbols
🔹 Strategy revers_short_4H    (4H): 32 symbols
⏸️ Strategy parity_short_4H    (4H): DEPRECATING
🔹 Strategy revers_long_1H     (1H):  6 symbols
🔹 Strategy revers_short_1H    (1H):  6 symbols
🔹 Strategy revers_long_6Hutc  (6Hutc): 15 symbols
🔹 Strategy revers_short_6Hutc (6Hutc): 15 symbols
🔹 Strategy parity_long_1H     (1H):  6 symbols
🔹 Strategy parity_short_1H    (1H):  6 symbols
🔹 Strategy orderblocks_short_4H (4H): 32 symbols

➡️  Detected timeframes: 4H, 6Hutc, 1H

✅ BOT Initialization completed


[1;96m🌐 Starting Web...[0m
[1;96m--------------------------------------------[0m

[1;96m🌐 Dashboard Web Started[0m
─────────────────────────────────────────────
📊 Local:   http://localhost:5001
🔗 Network: http://127.0.0.1:5001
🌍 LAN:     http://<your-ip>:5001
─────────────────────────────────────────────

✅ Bot monitoring at http://localhost:5001

[1;96m📱 Init  WebSocket...[0m
[1;96m--------------------------------------------[0m
Waiting for equity data from WebSocket...
⚠️ Cant subs to XRPUSDT - Public WS not conne.
[0;92m🔌 PRIVATE WS connected [2025-12-28 15:49:27 UTC][0m
[0;92m🔌 PUBLIC-     WS connected [2025-12-28 15:49:27 UTC][0m
➡️  WebSocket status:
  - Public- WS    : ✅ Connected
  - Private WS   : ✅ Connected
  - Authenticated: ⚠️  No
🛜 Subscribing to 5 private channels...
🆗 orders
🆗 fill
🆗 positions
🆗 account
🆗 equity
✅ WS authentication successful
📦 Pre-loading contract for 33 symbols
[0;36m✅ Pre-loaded 33/33 contracts[0m


[1;96m🔜 Candles incoming:  [0m
[1;96m--------------------------------------------[0m
Next for 4H    : 2025-12-28 16:00:45 UTC
Next for 6Hutc : 2025-12-28 18:00:45 UTC
Next for 1H    : 2025-12-28 16:00:45 UTC
[1;96m============================================[0m
[1;96mSTARTING BOT IN ACCOUNT: E1[0m
[1;96m============================================[0m
[1;96m🗃️  Loading BOT state...[0m
🔄 Total positions recovered: 44
[1;96m--------------------[0m
   ➡️  revers_long_1H       :  1 positions | Candles: 26
   ➡️  parity_long_1H       :  3 positions | Candles: 26
   ➡️  parity_short_1H      :  4 positions | Candles: 20
   ➡️  double_top_long_4H   :  5 positions | Candles:  5
   ➡️  parity_long_4H       :  1 positions | Candles:  3
   ➡️  revers_short_4H      :  7 positions | Candles:  6
   ➡️  parity_short_4H      : 14 positions | Candles:  5
   ➡️  revers_short_1H      :  1 positions | Candles: 20
   ➡️  revers_short_6Hutc   :  3 positions | Candles: 37
   ➡️  revers_long_4H       :  1 positions | Candles: 49
   ➡️  revers_long_6Hutc    :  1 positions | Candles: 22
   ➡️  orderblocks_short_4H :  3 positions | Candles: 13
✅ State loaded successfully

[1;96mValidating strategy configuration...[0m
[1;96m--------------------------------------------[0m
   🆗 Val 1: All strategy names implemented
   🆗 Val 2: All directions coherent with names
   🆗 Val 3: All timeframes coherent with names
   🆗 Val 4: All order amounts in range (40-100)
   🆗 Val 5: All strategies required parameters
   🆗 Val 6: All TP/SL % within valid ranges (1.5 - 10)
   🆗 Val 7: All strategy IDs unique
   🆗 Val 8: All sell_after_ncandles ok (45-55)
   🆗 Val 9: All strategies names + TF are unique.
   🆗 Val 10: All strategy names unique
   🆗 Val 12: All TF are valid

[1;96m⚠️  CONFIGURATION WARNINGS:[0m
  ❕ Implemented but NOT declared: {'parity_long_6Hutc', 'orderblocks_long_4H'}


[1;96m🔢 Operative Strategies: 12 [0m
[1;96m--------------------------------------------[0m
⏸️ Strategy double_top_long_4H (4H): DEPRECATING
🔹 Strategy revers_long_4H     (4H): 32 symbols
🔹 Strategy parity_long_4H     (4H):  5 symbols
🔹 Strategy revers_short_4H    (4H): 32 symbols
⏸️ Strategy parity_short_4H    (4H): DEPRECATING
🔹 Strategy revers_long_1H     (1H):  6 symbols
🔹 Strategy revers_short_1H    (1H):  6 symbols
🔹 Strategy revers_long_6Hutc  (6Hutc): 15 symbols
🔹 Strategy revers_short_6Hutc (6Hutc): 15 symbols
🔹 Strategy parity_long_1H     (1H):  6 symbols
🔹 Strategy parity_short_1H    (1H):  6 symbols
🔹 Strategy orderblocks_short_4H (4H): 32 symbols

➡️  Detected timeframes: 1H, 4H, 6Hutc

✅ BOT Initialization completed


[1;96m🌐 Starting Web...[0m
[1;96m--------------------------------------------[0m

[1;96m🌐 Dashboard Web Started[0m
─────────────────────────────────────────────
📊 Local:   http://localhost:5001
🔗 Network: http://127.0.0.1:5001
🌍 LAN:     http://<your-ip>:5001
─────────────────────────────────────────────

✅ Bot monitoring at http://localhost:5001

[1;96m📱 Init  WebSocket...[0m
[1;96m--------------------------------------------[0m
Waiting for equity data from WebSocket...
⚠️ Cant subs to XRPUSDT - Public WS not conne.
[0;92m🔌 PUBLIC-     WS connected [2025-12-28 16:00:51 UTC][0m
[0;92m🔌 PRIVATE WS connected [2025-12-28 16:00:51 UTC][0m
➡️  WebSocket status:
  - Public- WS    : ✅ Connected
  - Private WS   : ✅ Connected
  - Authenticated: ⚠️  No
⚠️No PnL - XRPUSDT: No price - XRPUSDT
🛜 Subscribing to 5 private channels...
🆗 orders
🆗 fill
🆗 positions
🆗 account
🆗 equity
✅ WS authentication successful
📦 Pre-loading contract for 33 symbols
[0;36m✅ Pre-loaded 33/33 contracts[0m


[1;96m🔜 Candles incoming:  [0m
[1;96m--------------------------------------------[0m
Next for 1H    : 2025-12-28 17:00:45 UTC
Next for 4H    : 2025-12-28 20:00:45 UTC
Next for 6Hutc : 2025-12-28 18:00:45 UTC

============================================
🔀 New candle(s) 2025-12-28 17:00:45 UTC
🔹 Timeframes: 1H
🌐 Syncronizing broker...
✅ Sync completed.
📡 Searching Signals... - 2025-12-28 17:00:45
--------------------------------------------
🚫 Skip revers_long_1H       (1H) ➡️  27/50 | 1 pos.
🚫 Skip revers_short_1H      (1H) ➡️  21/50 | 1 pos.
🚫 Skip parity_long_1H       (1H) ➡️  27/50 | 3 pos.
🚫 Skip parity_short_1H      (1H) ➡️  21/50 | 4 pos.
🔂 Signal cycle completed
============================================

Next for 1H: 2025-12-28 18:00:45 UTC
[1;96m============================================[0m
[1;96mSTARTING BOT IN ACCOUNT: E1[0m
[1;96m============================================[0m
[1;96m🗃️  Loading BOT state...[0m
🔄 Total positions recovered: 44
[1;96m--------------------[0m
   ➡️  revers_long_1H       :  1 positions | Candles: 27
   ➡️  parity_long_1H       :  3 positions | Candles: 27
   ➡️  parity_short_1H      :  4 positions | Candles: 21
   ➡️  double_top_long_4H   :  5 positions | Candles:  5
   ➡️  parity_long_4H       :  1 positions | Candles:  3
   ➡️  revers_short_4H      :  7 positions | Candles:  6
   ➡️  parity_short_4H      : 14 positions | Candles:  5
   ➡️  revers_short_1H      :  1 positions | Candles: 21
   ➡️  revers_short_6Hutc   :  3 positions | Candles: 37
   ➡️  revers_long_4H       :  1 positions | Candles: 49
   ➡️  revers_long_6Hutc    :  1 positions | Candles: 22
   ➡️  orderblocks_short_4H :  3 positions | Candles: 13
✅ State loaded successfully

[1;96mValidating strategy configuration...[0m
[1;96m--------------------------------------------[0m
   🆗 Val 1: All strategy names implemented
   🆗 Val 2: All directions coherent with names
   🆗 Val 3: All timeframes coherent with names
   🆗 Val 4: All order amounts in range (40-100)
   🆗 Val 5: All strategies required parameters
   🆗 Val 6: All TP/SL % within valid ranges (1.5 - 10)
   🆗 Val 7: All strategy IDs unique
   🆗 Val 8: All sell_after_ncandles ok (45-55)
   🆗 Val 9: All strategies names + TF are unique.
   🆗 Val 10: All strategy names unique
   🆗 Val 12: All TF are valid

[1;96m⚠️  CONFIGURATION WARNINGS:[0m
  ❕ Implemented but NOT declared: {'orderblocks_long_4H', 'parity_long_6Hutc'}


[1;96m🔢 Operative Strategies: 12 [0m
[1;96m--------------------------------------------[0m
🔹 Strategy double_top_long_4H (4H): 32 symbols
🔹 Strategy revers_long_4H     (4H): 32 symbols
🔹 Strategy parity_long_4H     (4H):  5 symbols
🔹 Strategy revers_short_4H    (4H): 32 symbols
🔹 Strategy parity_short_4H    (4H): 32 symbols
🔹 Strategy revers_long_1H     (1H):  6 symbols
🔹 Strategy revers_short_1H    (1H):  6 symbols
🔹 Strategy revers_long_6Hutc  (6Hutc): 15 symbols
🔹 Strategy revers_short_6Hutc (6Hutc): 15 symbols
🔹 Strategy parity_long_1H     (1H):  6 symbols
🔹 Strategy parity_short_1H    (1H):  6 symbols
🔹 Strategy orderblocks_short_4H (4H): 32 symbols

➡️  Detected timeframes: 4H, 6Hutc, 1H

✅ BOT Initialization completed


[1;96m🌐 Starting Web...[0m
[1;96m--------------------------------------------[0m

[1;96m🌐 Dashboard Web Started[0m
─────────────────────────────────────────────
📊 Local:   http://localhost:5001
🔗 Network: http://127.0.0.1:5001
🌍 LAN:     http://<your-ip>:5001
─────────────────────────────────────────────

✅ Bot monitoring at http://localhost:5001

[1;96m📱 Init  WebSocket...[0m
[1;96m--------------------------------------------[0m
Waiting for equity data from WebSocket...
⚠️ Cant subs to XRPUSDT - Public WS not conne.
[0;92m🔌 PRIVATE WS connected [2025-12-28 17:47:40 UTC][0m
[0;92m🔌 PUBLIC-     WS connected [2025-12-28 17:47:40 UTC][0m
➡️  WebSocket status:
  - Public- WS    : ✅ Connected
  - Private WS   : ✅ Connected
  - Authenticated: ⚠️  No
⚠️No PnL - XRPUSDT: No price - XRPUSDT
🛜 Subscribing to 5 private channels...
🆗 orders
🆗 fill
🆗 positions
🆗 account
🆗 equity
✅ WS authentication successful
📦 Pre-loading contract for 33 symbols
[0;36m✅ Pre-loaded 33/33 contracts[0m


[1;96m🔜 Candles incoming:  [0m
[1;96m--------------------------------------------[0m
Next for 4H    : 2025-12-28 20:00:45 UTC
Next for 6Hutc : 2025-12-28 18:00:45 UTC
Next for 1H    : 2025-12-28 18:00:45 UTC
[1;96m============================================[0m
[1;96mSTARTING BOT IN ACCOUNT: E1[0m
[1;96m============================================[0m
[1;96m🗃️  Loading BOT state...[0m
🔄 Total positions recovered: 44
[1;96m--------------------[0m
   ➡️  revers_long_1H       :  1 positions | Candles: 27
   ➡️  parity_long_1H       :  3 positions | Candles: 27
   ➡️  parity_short_1H      :  4 positions | Candles: 21
   ➡️  double_top_long_4H   :  5 positions | Candles:  5
   ➡️  parity_long_4H       :  1 positions | Candles:  3
   ➡️  revers_short_4H      :  7 positions | Candles:  6
   ➡️  parity_short_4H      : 14 positions | Candles:  5
   ➡️  revers_short_1H      :  1 positions | Candles: 21
   ➡️  revers_short_6Hutc   :  3 positions | Candles: 37
   ➡️  revers_long_4H       :  1 positions | Candles: 49
   ➡️  revers_long_6Hutc    :  1 positions | Candles: 22
   ➡️  orderblocks_short_4H :  3 positions | Candles: 13
✅ State loaded successfully

[1;96mValidating strategy configuration...[0m
[1;96m--------------------------------------------[0m
   🆗 Val 1: All strategy names implemented
   🆗 Val 2: All directions coherent with names
   🆗 Val 3: All timeframes coherent with names
   🆗 Val 4: All order amounts in range (40-100)
   🆗 Val 5: All strategies required parameters
   🆗 Val 6: All TP/SL % within valid ranges (1.5 - 10)
   🆗 Val 7: All strategy IDs unique
   🆗 Val 8: All sell_after_ncandles ok (45-55)
   🆗 Val 9: All strategies names + TF are unique.
   🆗 Val 10: All strategy names unique
   🆗 Val 12: All TF are valid

[1;96m⚠️  CONFIGURATION WARNINGS:[0m
  ❕ Implemented but NOT declared: {'parity_long_6Hutc', 'orderblocks_long_4H'}


[1;96m🔢 Operative Strategies: 12 [0m
[1;96m--------------------------------------------[0m
⏸️ Strategy double_top_long_4H (4H): DEPRECATING
🔹 Strategy revers_long_4H     (4H): 32 symbols
🔹 Strategy parity_long_4H     (4H):  5 symbols
🔹 Strategy revers_short_4H    (4H): 32 symbols
⏸️ Strategy parity_short_4H    (4H): DEPRECATING
🔹 Strategy revers_long_1H     (1H):  6 symbols
🔹 Strategy revers_short_1H    (1H):  6 symbols
🔹 Strategy revers_long_6Hutc  (6Hutc): 15 symbols
🔹 Strategy revers_short_6Hutc (6Hutc): 15 symbols
🔹 Strategy parity_long_1H     (1H):  6 symbols
🔹 Strategy parity_short_1H    (1H):  6 symbols
🔹 Strategy orderblocks_short_4H (4H): 32 symbols

➡️  Detected timeframes: 6Hutc, 4H, 1H

✅ BOT Initialization completed


[1;96m🌐 Starting Web...[0m
[1;96m--------------------------------------------[0m
❌ Error WS manager not init for balance.
⚠️No PnL - XRPUSDT: WS manager not init.
⚠️No PnL - DOGEUSDT: WS manager not init.
⚠️No PnL - SOLUSDT: WS manager not init.
⚠️No PnL - XRPUSDT: WS manager not init.
⚠️No PnL - BTCUSDT: WS manager not init.
⚠️No PnL - DOGEUSDT: WS manager not init.
⚠️No PnL - ETHUSDT: WS manager not init.
⚠️No PnL - XRPUSDT: WS manager not init.
⚠️No PnL - ARBUSDT: WS manager not init.
⚠️No PnL - ENAUSDT: WS manager not init.
⚠️No PnL - FETUSDT: WS manager not init.
⚠️No PnL - NEARUSDT: WS manager not init.
⚠️No PnL - SEIUSDT: WS manager not init.
⚠️No PnL - SOLUSDT: WS manager not init.
⚠️No PnL - BGBUSDT: WS manager not init.
⚠️No PnL - BTCUSDT: WS manager not init.
⚠️No PnL - LINKUSDT: WS manager not init.
⚠️No PnL - ONDOUSDT: WS manager not init.
⚠️No PnL - PENGUUSDT: WS manager not init.
⚠️No PnL - TAOUSDT: WS manager not init.
⚠️No PnL - XRPUSDT: WS manager not init.
⚠️No PnL - 1000BONKUSDT: WS manager not init.
⚠️No PnL - ADAUSDT: WS manager not init.
⚠️No PnL - BGBUSDT: WS manager not init.
⚠️No PnL - BNBUSDT: WS manager not init.
⚠️No PnL - BTCUSDT: WS manager not init.
⚠️No PnL - DOGEUSDT: WS manager not init.
⚠️No PnL - ETHUSDT: WS manager not init.
⚠️No PnL - LINKUSDT: WS manager not init.
⚠️No PnL - ONDOUSDT: WS manager not init.
⚠️No PnL - SUIUSDT: WS manager not init.
⚠️No PnL - TAOUSDT: WS manager not init.
⚠️No PnL - WIFUSDT: WS manager not init.
⚠️No PnL - WLDUSDT: WS manager not init.
⚠️No PnL - XRPUSDT: WS manager not init.
⚠️No PnL - ETHUSDT: WS manager not init.
⚠️No PnL - BNBUSDT: WS manager not init.
⚠️No PnL - BTCUSDT: WS manager not init.
⚠️No PnL - LINKUSDT: WS manager not init.
⚠️No PnL - DOGEUSDT: WS manager not init.
⚠️No PnL - BTCUSDT: WS manager not init.
⚠️No PnL - AAVEUSDT: WS manager not init.
⚠️No PnL - TAOUSDT: WS manager not init.
⚠️No PnL - WIFUSDT: WS manager not init.

[1;96m🌐 Dashboard Web Started[0m
─────────────────────────────────────────────
📊 Local:   http://localhost:5001
🔗 Network: http://127.0.0.1:5001
🌍 LAN:     http://<your-ip>:5001
─────────────────────────────────────────────

✅ Bot monitoring at http://localhost:5001

[1;96m📱 Init  WebSocket...[0m
[1;96m--------------------------------------------[0m
Waiting for equity data from WebSocket...
[0;92m🔌 PUBLIC-     WS connected [2025-12-28 17:53:29 UTC][0m
[0;92m🔌 PRIVATE WS connected [2025-12-28 17:53:30 UTC][0m
➡️  WebSocket status:
  - Public- WS    : ✅ Connected
  - Private WS   : ✅ Connected
  - Authenticated: ⚠️  No
🛜 Subscribing to 5 private channels...
🆗 orders
🆗 fill
🆗 positions
🆗 account
🆗 equity
✅ WS authentication successful
📦 Pre-loading contract for 33 symbols
[0;36m✅ Pre-loaded 33/33 contracts[0m


[1;96m🔜 Candles incoming:  [0m
[1;96m--------------------------------------------[0m
Next for 6Hutc : 2025-12-28 18:00:45 UTC
Next for 4H    : 2025-12-28 20:00:45 UTC
Next for 1H    : 2025-12-28 18:00:45 UTC

============================================
🔀 New candle(s) 2025-12-28 18:00:45 UTC
🔹 Timeframes: 6Hutc, 1H
🌐 Syncronizing broker...
✅ Sync completed.
📡 Searching Signals... - 2025-12-28 18:00:45
--------------------------------------------
🚫 Skip revers_long_6Hutc    (6Hutc) ➡️  23/50 | 1 pos.
🚫 Skip revers_short_6Hutc   (6Hutc) ➡️  38/50 | 3 pos.
🚫 Skip revers_long_1H       (1H) ➡️  28/50 | 1 pos.
🚫 Skip revers_short_1H      (1H) ➡️  22/50 | 1 pos.
🚫 Skip parity_long_1H       (1H) ➡️  28/50 | 3 pos.
🚫 Skip parity_short_1H      (1H) ➡️  22/50 | 4 pos.
🔂 Signal cycle completed
============================================

Next for 6Hutc: 2025-12-29 00:00:45 UTC
Next for 1H: 2025-12-28 19:00:45 UTC
[1;96m============================================[0m
[1;96mSTARTING BOT IN ACCOUNT: E1[0m
[1;96m============================================[0m
[1;96m🗃️  Loading BOT state...[0m
🔄 Total positions recovered: 44
[1;96m--------------------[0m
   ➡️  revers_long_1H       :  1 positions | Candles: 28
   ➡️  parity_long_1H       :  3 positions | Candles: 28
   ➡️  parity_short_1H      :  4 positions | Candles: 22
   ➡️  double_top_long_4H   :  5 positions | Candles:  5
   ➡️  parity_long_4H       :  1 positions | Candles:  3
   ➡️  revers_short_4H      :  7 positions | Candles:  6
   ➡️  parity_short_4H      : 14 positions | Candles:  5
   ➡️  revers_short_1H      :  1 positions | Candles: 22
   ➡️  revers_short_6Hutc   :  3 positions | Candles: 38
   ➡️  revers_long_4H       :  1 positions | Candles: 49
   ➡️  revers_long_6Hutc    :  1 positions | Candles: 23
   ➡️  orderblocks_short_4H :  3 positions | Candles: 13
✅ State loaded successfully

[1;96mValidating strategy configuration...[0m
[1;96m--------------------------------------------[0m
   🆗 Val 1: All strategy names implemented
   🆗 Val 2: All directions coherent with names
   🆗 Val 3: All timeframes coherent with names
   🆗 Val 4: All order amounts in range (40-100)
   🆗 Val 5: All strategies required parameters
   🆗 Val 6: All TP/SL % within valid ranges (1.5 - 10)
   🆗 Val 7: All strategy IDs unique
   🆗 Val 8: All sell_after_ncandles ok (45-55)
   🆗 Val 9: All strategies names + TF are unique.
   🆗 Val 10: All strategy names unique
   🆗 Val 12: All TF are valid

[1;96m⚠️  CONFIGURATION WARNINGS:[0m
  ❕ Implemented but NOT declared: {'parity_long_6Hutc', 'orderblocks_long_4H'}


[1;96m🔢 Operative Strategies: 12 [0m
[1;96m--------------------------------------------[0m
⏸️ Strategy double_top_long_4H (4H): DEPRECATING
🔹 Strategy revers_long_4H     (4H): 32 symbols
🔹 Strategy parity_long_4H     (4H):  5 symbols
🔹 Strategy revers_short_4H    (4H): 32 symbols
⏸️ Strategy parity_short_4H    (4H): DEPRECATING
🔹 Strategy revers_long_1H     (1H):  6 symbols
🔹 Strategy revers_short_1H    (1H):  6 symbols
🔹 Strategy revers_long_6Hutc  (6Hutc): 15 symbols
🔹 Strategy revers_short_6Hutc (6Hutc): 15 symbols
🔹 Strategy parity_long_1H     (1H):  6 symbols
🔹 Strategy parity_short_1H    (1H):  6 symbols
🔹 Strategy orderblocks_short_4H (4H): 32 symbols

➡️  Detected timeframes: 6Hutc, 4H, 1H

✅ BOT Initialization completed


[1;96m🌐 Starting Web...[0m
[1;96m--------------------------------------------[0m
❌ Error WS manager not init for balance.
⚠️No PnL - XRPUSDT: WS manager not init.
⚠️No PnL - DOGEUSDT: WS manager not init.
⚠️No PnL - SOLUSDT: WS manager not init.
⚠️No PnL - XRPUSDT: WS manager not init.
⚠️No PnL - BTCUSDT: WS manager not init.
⚠️No PnL - DOGEUSDT: WS manager not init.
⚠️No PnL - ETHUSDT: WS manager not init.
⚠️No PnL - XRPUSDT: WS manager not init.
⚠️No PnL - ARBUSDT: WS manager not init.
⚠️No PnL - ENAUSDT: WS manager not init.
⚠️No PnL - FETUSDT: WS manager not init.
⚠️No PnL - NEARUSDT: WS manager not init.
⚠️No PnL - SEIUSDT: WS manager not init.
⚠️No PnL - SOLUSDT: WS manager not init.
⚠️No PnL - BGBUSDT: WS manager not init.
⚠️No PnL - BTCUSDT: WS manager not init.
⚠️No PnL - LINKUSDT: WS manager not init.
⚠️No PnL - ONDOUSDT: WS manager not init.
⚠️No PnL - PENGUUSDT: WS manager not init.
⚠️No PnL - TAOUSDT: WS manager not init.
⚠️No PnL - XRPUSDT: WS manager not init.
⚠️No PnL - 1000BONKUSDT: WS manager not init.
⚠️No PnL - ADAUSDT: WS manager not init.
⚠️No PnL - BGBUSDT: WS manager not init.
⚠️No PnL - BNBUSDT: WS manager not init.
⚠️No PnL - BTCUSDT: WS manager not init.
⚠️No PnL - DOGEUSDT: WS manager not init.
⚠️No PnL - ETHUSDT: WS manager not init.
⚠️No PnL - LINKUSDT: WS manager not init.
⚠️No PnL - ONDOUSDT: WS manager not init.
⚠️No PnL - SUIUSDT: WS manager not init.
⚠️No PnL - TAOUSDT: WS manager not init.
⚠️No PnL - WIFUSDT: WS manager not init.
⚠️No PnL - WLDUSDT: WS manager not init.
⚠️No PnL - XRPUSDT: WS manager not init.
⚠️No PnL - ETHUSDT: WS manager not init.
⚠️No PnL - BNBUSDT: WS manager not init.
⚠️No PnL - BTCUSDT: WS manager not init.
⚠️No PnL - LINKUSDT: WS manager not init.
⚠️No PnL - DOGEUSDT: WS manager not init.
⚠️No PnL - BTCUSDT: WS manager not init.
⚠️No PnL - AAVEUSDT: WS manager not init.
⚠️No PnL - TAOUSDT: WS manager not init.
⚠️No PnL - WIFUSDT: WS manager not init.

[1;96m🌐 Dashboard Web Started[0m
─────────────────────────────────────────────
📊 Local:   http://localhost:5001
🔗 Network: http://127.0.0.1:5001
🌍 LAN:     http://<your-ip>:5001
─────────────────────────────────────────────

✅ Bot monitoring at http://localhost:5001

[1;96m📱 Init  WebSocket...[0m
[1;96m--------------------------------------------[0m
Waiting for equity data from WebSocket...
⚠️ Cant subs to XRPUSDT - Public WS not conne.
[0;92m🔌 PUBLIC-     WS connected [2025-12-28 18:13:17 UTC][0m
[0;92m🔌 PRIVATE WS connected [2025-12-28 18:13:18 UTC][0m
➡️  WebSocket status:
  - Public- WS    : ✅ Connected
  - Private WS   : ✅ Connected
  - Authenticated: ⚠️  No
🛜 Subscribing to 5 private channels...
🆗 orders
🆗 fill
🆗 positions
🆗 account
🆗 equity
✅ WS authentication successful
📦 Pre-loading contract for 33 symbols
[0;36m✅ Pre-loaded 32/33 contracts[0m


[1;96m🔜 Candles incoming:  [0m
[1;96m--------------------------------------------[0m
Next for 6Hutc : 2025-12-29 00:00:45 UTC
Next for 4H    : 2025-12-28 20:00:45 UTC
Next for 1H    : 2025-12-28 19:00:45 UTC
